Archive member included to satisfy reference by file (symbol)

/opt/arm-gnu-toolchain-12.2.rel1-x86_64-arm-none-eabi/bin/../lib/gcc/arm-none-eabi/12.2.1/../../../../arm-none-eabi/lib/thumb/v7e-m+fp/hard/libc_nano.a(libc_a-exit.o)
                              /opt/arm-gnu-toolchain-12.2.rel1-x86_64-arm-none-eabi/bin/../lib/gcc/arm-none-eabi/12.2.1/../../../../arm-none-eabi/lib/thumb/v7e-m+fp/hard/crt0.o (exit)
/opt/arm-gnu-toolchain-12.2.rel1-x86_64-arm-none-eabi/bin/../lib/gcc/arm-none-eabi/12.2.1/../../../../arm-none-eabi/lib/thumb/v7e-m+fp/hard/libc_nano.a(libc_a-strtol.o)
                              build/uart_at.o (strtol)
/opt/arm-gnu-toolchain-12.2.rel1-x86_64-arm-none-eabi/bin/../lib/gcc/arm-none-eabi/12.2.1/../../../../arm-none-eabi/lib/thumb/v7e-m+fp/hard/libc_nano.a(libc_a-init.o)
                              /opt/arm-gnu-toolchain-12.2.rel1-x86_64-arm-none-eabi/bin/../lib/gcc/arm-none-eabi/12.2.1/../../../../arm-none-eabi/lib/thumb/v7e-m+fp/hard/crt0.o (__libc_init_array)
/opt/arm-gnu-toolchain-12.2.rel1-x86_64-arm-none-eabi/bin/../lib/gcc/arm-none-eabi/12.2.1/../../../../arm-none-eabi/lib/thumb/v7e-m+fp/hard/libc_nano.a(libc_a-impure.o)
                              /opt/arm-gnu-toolchain-12.2.rel1-x86_64-arm-none-eabi/bin/../lib/gcc/arm-none-eabi/12.2.1/../../../../arm-none-eabi/lib/thumb/v7e-m+fp/hard/libc_nano.a(libc_a-strtol.o) (_impure_ptr)
/opt/arm-gnu-toolchain-12.2.rel1-x86_64-arm-none-eabi/bin/../lib/gcc/arm-none-eabi/12.2.1/../../../../arm-none-eabi/lib/thumb/v7e-m+fp/hard/libc_nano.a(libc_a-memcpy-stub.o)
                              build/uart_at.o (memcpy)
/opt/arm-gnu-toolchain-12.2.rel1-x86_64-arm-none-eabi/bin/../lib/gcc/arm-none-eabi/12.2.1/../../../../arm-none-eabi/lib/thumb/v7e-m+fp/hard/libc_nano.a(libc_a-strncmp.o)
                              build/uart_at.o (strncmp)
/opt/arm-gnu-toolchain-12.2.rel1-x86_64-arm-none-eabi/bin/../lib/gcc/arm-none-eabi/12.2.1/../../../../arm-none-eabi/lib/thumb/v7e-m+fp/hard/libc_nano.a(libc_a-findfp.o)
                              /opt/arm-gnu-toolchain-12.2.rel1-x86_64-arm-none-eabi/bin/../lib/gcc/arm-none-eabi/12.2.1/../../../../arm-none-eabi/lib/thumb/v7e-m+fp/hard/libc_nano.a(libc_a-exit.o) (__stdio_exit_handler)
/opt/arm-gnu-toolchain-12.2.rel1-x86_64-arm-none-eabi/bin/../lib/gcc/arm-none-eabi/12.2.1/../../../../arm-none-eabi/lib/thumb/v7e-m+fp/hard/libc_nano.a(libc_a-strlen.o)
                              build/uart_at.o (strlen)
/opt/arm-gnu-toolchain-12.2.rel1-x86_64-arm-none-eabi/bin/../lib/gcc/arm-none-eabi/12.2.1/../../../../arm-none-eabi/lib/thumb/v7e-m+fp/hard/libc_nano.a(libc_a-snprintf.o)
                              build/radioenge_modem.o (snprintf)
/opt/arm-gnu-toolchain-12.2.rel1-x86_64-arm-none-eabi/bin/../lib/gcc/arm-none-eabi/12.2.1/../../../../arm-none-eabi/lib/thumb/v7e-m+fp/hard/libc_nano.a(libc_a-sprintf.o)
                              build/radioenge_modem.o (sprintf)
/opt/arm-gnu-toolchain-12.2.rel1-x86_64-arm-none-eabi/bin/../lib/gcc/arm-none-eabi/12.2.1/../../../../arm-none-eabi/lib/thumb/v7e-m+fp/hard/libc_nano.a(libc_a-stdio.o)
                              /opt/arm-gnu-toolchain-12.2.rel1-x86_64-arm-none-eabi/bin/../lib/gcc/arm-none-eabi/12.2.1/../../../../arm-none-eabi/lib/thumb/v7e-m+fp/hard/libc_nano.a(libc_a-findfp.o) (__sread)
/opt/arm-gnu-toolchain-12.2.rel1-x86_64-arm-none-eabi/bin/../lib/gcc/arm-none-eabi/12.2.1/../../../../arm-none-eabi/lib/thumb/v7e-m+fp/hard/libc_nano.a(libc_a-atoi.o)
                              build/uart_at.o (atoi)
/opt/arm-gnu-toolchain-12.2.rel1-x86_64-arm-none-eabi/bin/../lib/gcc/arm-none-eabi/12.2.1/../../../../arm-none-eabi/lib/thumb/v7e-m+fp/hard/libc_nano.a(libc_a-strtok.o)
                              build/uart_at.o (strtok)
/opt/arm-gnu-toolchain-12.2.rel1-x86_64-arm-none-eabi/bin/../lib/gcc/arm-none-eabi/12.2.1/../../../../arm-none-eabi/lib/thumb/v7e-m+fp/hard/libc_nano.a(libc_a-strtok_r.o)
                              /opt/arm-gnu-toolchain-12.2.rel1-x86_64-arm-none-eabi/bin/../lib/gcc/arm-none-eabi/12.2.1/../../../../arm-none-eabi/lib/thumb/v7e-m+fp/hard/libc_nano.a(libc_a-strtok.o) (__strtok_r)
/opt/arm-gnu-toolchain-12.2.rel1-x86_64-arm-none-eabi/bin/../lib/gcc/arm-none-eabi/12.2.1/../../../../arm-none-eabi/lib/thumb/v7e-m+fp/hard/libc_nano.a(libc_a-ctype_.o)
                              /opt/arm-gnu-toolchain-12.2.rel1-x86_64-arm-none-eabi/bin/../lib/gcc/arm-none-eabi/12.2.1/../../../../arm-none-eabi/lib/thumb/v7e-m+fp/hard/libc_nano.a(libc_a-strtol.o) (_ctype_)
/opt/arm-gnu-toolchain-12.2.rel1-x86_64-arm-none-eabi/bin/../lib/gcc/arm-none-eabi/12.2.1/../../../../arm-none-eabi/lib/thumb/v7e-m+fp/hard/libc_nano.a(libc_a-writer.o)
                              /opt/arm-gnu-toolchain-12.2.rel1-x86_64-arm-none-eabi/bin/../lib/gcc/arm-none-eabi/12.2.1/../../../../arm-none-eabi/lib/thumb/v7e-m+fp/hard/libc_nano.a(libc_a-stdio.o) (_write_r)
[...]
Memory Configuration

Name             Origin             Length             Attributes
RAM              0x0000000020000000 0x0000000000020000 xrw
FLASH            0x0000000008000000 0x0000000000080000 xr
*default*        0x0000000000000000 0xffffffffffffffff

Linker script and memory map

LOAD /opt/arm-gnu-toolchain-12.2.rel1-x86_64-arm-none-eabi/bin/../lib/gcc/arm-none-eabi/12.2.1/thumb/v7e-m+fp/hard/crti.o
LOAD /opt/arm-gnu-toolchain-12.2.rel1-x86_64-arm-none-eabi/bin/../lib/gcc/arm-none-eabi/12.2.1/thumb/v7e-m+fp/hard/crtbegin.o
LOAD /opt/arm-gnu-toolchain-12.2.rel1-x86_64-arm-none-eabi/bin/../lib/gcc/arm-none-eabi/12.2.1/../../../../arm-none-eabi/lib/thumb/v7e-m+fp/hard/crt0.o
LOAD build/main.o
LOAD build/stm32f4xx_it.o
LOAD build/stm32f4xx_hal_msp.o
LOAD build/freertos.o
LOAD build/stm32f4xx_hal_timebase_tim.o
LOAD build/usb_device.o
LOAD build/usbd_desc.o
LOAD build/usbd_cdc_if.o
LOAD build/usbd_conf.o
LOAD build/uart_at.o
LOAD build/uartRingBufDMA.o
LOAD build/radioenge_modem.o
LOAD build/application.o
LOAD build/stm32f4xx_hal_pcd.o
LOAD build/stm32f4xx_hal_pcd_ex.o
LOAD build/stm32f4xx_ll_usb.o
LOAD build/stm32f4xx_hal_rcc.o
LOAD build/stm32f4xx_hal_rcc_ex.o
LOAD build/stm32f4xx_hal_flash.o
LOAD build/stm32f4xx_hal_flash_ex.o
LOAD build/stm32f4xx_hal_flash_ramfunc.o
LOAD build/stm32f4xx_hal_gpio.o
LOAD build/stm32f4xx_hal_dma_ex.o
LOAD build/stm32f4xx_hal_dma.o
LOAD build/stm32f4xx_hal_pwr.o
LOAD build/stm32f4xx_hal_pwr_ex.o
LOAD build/stm32f4xx_hal_cortex.o
LOAD build/stm32f4xx_hal.o
LOAD build/stm32f4xx_hal_exti.o
LOAD build/stm32f4xx_hal_adc.o
LOAD build/stm32f4xx_hal_adc_ex.o
LOAD build/stm32f4xx_ll_adc.o
LOAD build/stm32f4xx_hal_tim.o
LOAD build/stm32f4xx_hal_tim_ex.o
LOAD build/stm32f4xx_hal_uart.o
LOAD build/system_stm32f4xx.o
LOAD build/croutine.o
LOAD build/event_groups.o
LOAD build/list.o
LOAD build/queue.o
LOAD build/stream_buffer.o
LOAD build/tasks.o
LOAD build/timers.o
LOAD build/cmsis_os2.o
LOAD build/heap_4.o
LOAD build/port.o
LOAD build/usbd_core.o
LOAD build/usbd_ctlreq.o
LOAD build/usbd_ioreq.o
LOAD build/usbd_cdc.o
LOAD build/startup_stm32f411xe.o
LOAD /opt/arm-gnu-toolchain-12.2.rel1-x86_64-arm-none-eabi/bin/../lib/gcc/arm-none-eabi/12.2.1/../../../../arm-none-eabi/lib/thumb/v7e-m+fp/hard/libc_nano.a
LOAD /opt/arm-gnu-toolchain-12.2.rel1-x86_64-arm-none-eabi/bin/../lib/gcc/arm-none-eabi/12.2.1/../../../../arm-none-eabi/lib/thumb/v7e-m+fp/hard/libm.a
LOAD /opt/arm-gnu-toolchain-12.2.rel1-x86_64-arm-none-eabi/bin/../lib/gcc/arm-none-eabi/12.2.1/../../../../arm-none-eabi/lib/thumb/v7e-m+fp/hard/libnosys.a
START GROUP
LOAD /opt/arm-gnu-toolchain-12.2.rel1-x86_64-arm-none-eabi/bin/../lib/gcc/arm-none-eabi/12.2.1/thumb/v7e-m+fp/hard/libgcc.a
LOAD /opt/arm-gnu-toolchain-12.2.rel1-x86_64-arm-none-eabi/bin/../lib/gcc/arm-none-eabi/12.2.1/../../../../arm-none-eabi/lib/thumb/v7e-m+fp/hard/libc_nano.a
END GROUP
START GROUP
LOAD /opt/arm-gnu-toolchain-12.2.rel1-x86_64-arm-none-eabi/bin/../lib/gcc/arm-none-eabi/12.2.1/thumb/v7e-m+fp/hard/libgcc.a
LOAD /opt/arm-gnu-toolchain-12.2.rel1-x86_64-arm-none-eabi/bin/../lib/gcc/arm-none-eabi/12.2.1/../../../../arm-none-eabi/lib/thumb/v7e-m+fp/hard/libc_nano.a
END GROUP
LOAD /opt/arm-gnu-toolchain-12.2.rel1-x86_64-arm-none-eabi/bin/../lib/gcc/arm-none-eabi/12.2.1/thumb/v7e-m+fp/hard/crtend.o
LOAD /opt/arm-gnu-toolchain-12.2.rel1-x86_64-arm-none-eabi/bin/../lib/gcc/arm-none-eabi/12.2.1/thumb/v7e-m+fp/hard/crtn.o
                0x0000000020020000                _estack = (ORIGIN (RAM) + LENGTH (RAM))
                0x0000000000000200                _Min_Heap_Size = 0x200
                0x0000000000000400                _Min_Stack_Size = 0x400

.isr_vector     0x0000000008000000      0x198
                0x0000000008000000                . = ALIGN (0x4)
 *(.isr_vector)
 .isr_vector    0x0000000008000000      0x198 build/startup_stm32f411xe.o
                0x0000000008000000                g_pfnVectors
                0x0000000008000198                . = ALIGN (0x4)

.text           0x00000000080001a0    0x11e74
                0x00000000080001a0                . = ALIGN (0x4)
 *(.text)
 .text          0x00000000080001a0       0x10 /opt/arm-gnu-toolchain-12.2.rel1-x86_64-arm-none-eabi/bin/../lib/gcc/arm-none-eabi/12.2.1/../../../../arm-none-eabi/lib/thumb/v7e-m+fp/hard/libc_nano.a(libc_a-strlen.o)
                0x00000000080001a0                strlen
 .text          0x00000000080001b0       0xa0 /opt/arm-gnu-toolchain-12.2.rel1-x86_64-arm-none-eabi/bin/../lib/gcc/arm-none-eabi/12.2.1/../../../../arm-none-eabi/lib/thumb/v7e-m+fp/hard/libc_nano.a(libc_a-memchr.o)
                0x00000000080001b0                memchr
 .text          0x0000000008000250       0x30 /opt/arm-gnu-toolchain-12.2.rel1-x86_64-arm-none-eabi/bin/../lib/gcc/arm-none-eabi/12.2.1/thumb/v7e-m+fp/hard/libgcc.a(_aeabi_uldivmod.o)
                0x0000000008000250                __aeabi_uldivmod
 .text          0x0000000008000280        0x4 /opt/arm-gnu-toolchain-12.2.rel1-x86_64-arm-none-eabi/bin/../lib/gcc/arm-none-eabi/12.2.1/thumb/v7e-m+fp/hard/libgcc.a(_dvmd_tls.o)
                0x0000000008000280                __aeabi_ldiv0
                0x0000000008000280                __aeabi_idiv0
 *(.text*)
 .text.deregister_tm_clones
                0x0000000008000284       0x1c /opt/arm-gnu-toolchain-12.2.rel1-x86_64-arm-none-eabi/bin/../lib/gcc/arm-none-eabi/12.2.1/thumb/v7e-m+fp/hard/crtbegin.o
 .text.register_tm_clones
                0x00000000080002a0       0x24 /opt/arm-gnu-toolchain-12.2.rel1-x86_64-arm-none-eabi/bin/../lib/gcc/arm-none-eabi/12.2.1/thumb/v7e-m+fp/hard/crtbegin.o
 .text.__do_global_dtors_aux
                0x00000000080002c4       0x28 /opt/arm-gnu-toolchain-12.2.rel1-x86_64-arm-none-eabi/bin/../lib/gcc/arm-none-eabi/12.2.1/thumb/v7e-m+fp/hard/crtbegin.o
 .text.frame_dummy
                0x00000000080002ec       0x24 /opt/arm-gnu-toolchain-12.2.rel1-x86_64-arm-none-eabi/bin/../lib/gcc/arm-none-eabi/12.2.1/thumb/v7e-m+fp/hard/crtbegin.o
 .text.CONFIGURE_TIMER_FOR_RUN_TIME_STATS
                0x0000000008000310       0x14 build/main.o
                0x0000000008000310                CONFIGURE_TIMER_FOR_RUN_TIME_STATS
 .text.GET_RUN_TIME_COUNTER_VALUE
                0x0000000008000324       0x18 build/main.o
                0x0000000008000324                GET_RUN_TIME_COUNTER_VALUE
 .text.main     0x000000000800033c      0x2dc build/main.o
                0x000000000800033c                main
 .text.SystemClock_Config
                0x0000000008000618       0xd0 build/main.o
                0x0000000008000618                SystemClock_Config
 .text.MX_ADC1_Init
                0x00000000080006e8       0xa4 build/main.o
 .text.MX_TIM1_Init
                0x000000000800078c      0x144 build/main.o
 .text.MX_TIM2_Init
                0x00000000080008d0       0x9c build/main.o
 .text.MX_TIM3_Init
                0x000000000800096c       0xf0 build/main.o
 .text.MX_USART1_UART_Init
                0x0000000008000a5c       0x54 build/main.o
 .text.MX_DMA_Init
                0x0000000008000ab0       0x50 build/main.o
 .text.MX_GPIO_Init
                0x0000000008000b00      0x130 build/main.o
 .text.StartDefaultTask
                0x0000000008000c30       0x14 build/main.o
                0x0000000008000c30                StartDefaultTask
 .text.HAL_TIM_PeriodElapsedCallback
                0x0000000008000c44       0x24 build/main.o
                0x0000000008000c44                HAL_TIM_PeriodElapsedCallback
 .text.Error_Handler
                0x0000000008000c68        0xc build/main.o
                0x0000000008000c68                Error_Handler
 .text.NMI_Handler
                0x0000000008000c74        0x8 build/stm32f4xx_it.o
                0x0000000008000c74                NMI_Handler
 .text.HardFault_Handler
                0x0000000008000c7c        0x8 build/stm32f4xx_it.o
                0x0000000008000c7c                HardFault_Handler
 .text.MemManage_Handler
                0x0000000008000c84        0x8 build/stm32f4xx_it.o
                0x0000000008000c84                MemManage_Handler
 .text.BusFault_Handler
                0x0000000008000c8c        0x8 build/stm32f4xx_it.o
                0x0000000008000c8c                BusFault_Handler
 .text.UsageFault_Handler
                0x0000000008000c94        0x8 build/stm32f4xx_it.o
                0x0000000008000c94                UsageFault_Handler
 .text.DebugMon_Handler
                0x0000000008000c9c        0xe build/stm32f4xx_it.o
                0x0000000008000c9c                DebugMon_Handler
 *fill*         0x0000000008000caa        0x2 
 .text.TIM1_TRG_COM_TIM11_IRQHandler
                0x0000000008000cac       0x1c build/stm32f4xx_it.o
                0x0000000008000cac                TIM1_TRG_COM_TIM11_IRQHandler
 .text.USART1_IRQHandler
                0x0000000008000cc8       0x14 build/stm32f4xx_it.o
                0x0000000008000cc8                USART1_IRQHandler
 .text.DMA2_Stream2_IRQHandler
                0x0000000008000cdc       0x14 build/stm32f4xx_it.o
                0x0000000008000cdc                DMA2_Stream2_IRQHandler
 .text.OTG_FS_IRQHandler
                0x0000000008000cf0       0x14 build/stm32f4xx_it.o
                0x0000000008000cf0                OTG_FS_IRQHandler
 .text.DMA2_Stream7_IRQHandler
                0x0000000008000d04       0x14 build/stm32f4xx_it.o
                0x0000000008000d04                DMA2_Stream7_IRQHandler
 .text.HAL_MspInit
                0x0000000008000d18       0x58 build/stm32f4xx_hal_msp.o
                0x0000000008000d18                HAL_MspInit
 .text.HAL_ADC_MspInit
                0x0000000008000d70       0x88 build/stm32f4xx_hal_msp.o
                0x0000000008000d70                HAL_ADC_MspInit
 .text.HAL_TIM_Base_MspInit
                0x0000000008000df8       0xa4 build/stm32f4xx_hal_msp.o
                0x0000000008000df8                HAL_TIM_Base_MspInit
 .text.HAL_TIM_MspPostInit
                0x0000000008000e9c       0xc0 build/stm32f4xx_hal_msp.o
                0x0000000008000e9c                HAL_TIM_MspPostInit
 .text.HAL_UART_MspInit
                0x0000000008000f5c      0x16c build/stm32f4xx_hal_msp.o
                0x0000000008000f5c                HAL_UART_MspInit
 .text.PreSleepProcessing
                0x00000000080010c8       0x14 build/freertos.o
                0x00000000080010c8                PreSleepProcessing
 .text.PostSleepProcessing
                0x00000000080010dc       0x14 build/freertos.o
                0x00000000080010dc                PostSleepProcessing
 .text.HAL_InitTick
                0x00000000080010f0       0xe4 build/stm32f4xx_hal_timebase_tim.o
                0x00000000080010f0                HAL_InitTick
 .text.MX_USB_DEVICE_Init
                0x00000000080011d4       0x60 build/usb_device.o
                0x00000000080011d4                MX_USB_DEVICE_Init
 .text.USBD_FS_DeviceDescriptor
                0x0000000008001234       0x24 build/usbd_desc.o
                0x0000000008001234                USBD_FS_DeviceDescriptor
 .text.USBD_FS_LangIDStrDescriptor
                0x0000000008001258       0x24 build/usbd_desc.o
                0x0000000008001258                USBD_FS_LangIDStrDescriptor
 .text.USBD_FS_ProductStrDescriptor
                0x000000000800127c       0x3c build/usbd_desc.o
                0x000000000800127c                USBD_FS_ProductStrDescriptor
 .text.USBD_FS_ManufacturerStrDescriptor
                0x00000000080012b8       0x28 build/usbd_desc.o
                0x00000000080012b8                USBD_FS_ManufacturerStrDescriptor
 .text.USBD_FS_SerialStrDescriptor
                0x00000000080012e0       0x24 build/usbd_desc.o
                0x00000000080012e0                USBD_FS_SerialStrDescriptor
 .text.USBD_FS_ConfigStrDescriptor
                0x0000000008001304       0x3c build/usbd_desc.o
                0x0000000008001304                USBD_FS_ConfigStrDescriptor
 .text.USBD_FS_InterfaceStrDescriptor
                0x0000000008001340       0x3c build/usbd_desc.o
                0x0000000008001340                USBD_FS_InterfaceStrDescriptor
 .text.Get_SerialNum
                0x000000000800137c       0x58 build/usbd_desc.o
 .text.IntToUnicode
                0x00000000080013d4       0x7e build/usbd_desc.o
 *fill*         0x0000000008001452        0x2 
 .text.CDC_Init_FS
                0x0000000008001454       0x28 build/usbd_cdc_if.o
 .text.CDC_DeInit_FS
                0x000000000800147c       0x10 build/usbd_cdc_if.o
 .text.CDC_Control_FS
                0x000000000800148c       0xbc build/usbd_cdc_if.o
 .text.CDC_Receive_FS
                0x0000000008001548       0x28 build/usbd_cdc_if.o
 .text.CDC_TransmitCplt_FS
                0x0000000008001570       0x22 build/usbd_cdc_if.o
 *fill*         0x0000000008001592        0x2 
 .text.HAL_PCD_MspInit
                0x0000000008001594       0xa8 build/usbd_conf.o
                0x0000000008001594                HAL_PCD_MspInit
 .text.HAL_PCD_SetupStageCallback
                0x000000000800163c       0x24 build/usbd_conf.o
                0x000000000800163c                HAL_PCD_SetupStageCallback
 .text.HAL_PCD_DataOutStageCallback
                0x0000000008001660       0x36 build/usbd_conf.o
                0x0000000008001660                HAL_PCD_DataOutStageCallback
 .text.HAL_PCD_DataInStageCallback
                0x0000000008001696       0x34 build/usbd_conf.o
                0x0000000008001696                HAL_PCD_DataInStageCallback
 .text.HAL_PCD_SOFCallback
                0x00000000080016ca       0x1c build/usbd_conf.o
                0x00000000080016ca                HAL_PCD_SOFCallback
 .text.HAL_PCD_ResetCallback
                0x00000000080016e6       0x3c build/usbd_conf.o
                0x00000000080016e6                HAL_PCD_ResetCallback
 *fill*         0x0000000008001722        0x2 
 .text.HAL_PCD_SuspendCallback
                0x0000000008001724       0x4c build/usbd_conf.o
                0x0000000008001724                HAL_PCD_SuspendCallback
 .text.HAL_PCD_ResumeCallback
                0x0000000008001770       0x1c build/usbd_conf.o
                0x0000000008001770                HAL_PCD_ResumeCallback
 .text.HAL_PCD_ISOOUTIncompleteCallback
                0x000000000800178c       0x24 build/usbd_conf.o
                0x000000000800178c                HAL_PCD_ISOOUTIncompleteCallback
 .text.HAL_PCD_ISOINIncompleteCallback
                0x00000000080017b0       0x24 build/usbd_conf.o
                0x00000000080017b0                HAL_PCD_ISOINIncompleteCallback
 .text.HAL_PCD_ConnectCallback
                0x00000000080017d4       0x1c build/usbd_conf.o
                0x00000000080017d4                HAL_PCD_ConnectCallback
 .text.HAL_PCD_DisconnectCallback
                0x00000000080017f0       0x1c build/usbd_conf.o
                0x00000000080017f0                HAL_PCD_DisconnectCallback
 .text.USBD_LL_Init
                0x000000000800180c       0x98 build/usbd_conf.o
                0x000000000800180c                USBD_LL_Init
 .text.USBD_LL_Start
                0x00000000080018a4       0x36 build/usbd_conf.o
                0x00000000080018a4                USBD_LL_Start
 .text.USBD_LL_OpenEP
                0x00000000080018da       0x4c build/usbd_conf.o
                0x00000000080018da                USBD_LL_OpenEP
 .text.USBD_LL_CloseEP
                0x0000000008001926       0x3e build/usbd_conf.o
                0x0000000008001926                USBD_LL_CloseEP
 .text.USBD_LL_StallEP
                0x0000000008001964       0x3e build/usbd_conf.o
                0x0000000008001964                USBD_LL_StallEP
 .text.USBD_LL_ClearStallEP
                0x00000000080019a2       0x3e build/usbd_conf.o
                0x00000000080019a2                USBD_LL_ClearStallEP
 .text.USBD_LL_IsStallEP
                0x00000000080019e0       0x58 build/usbd_conf.o
                0x00000000080019e0                USBD_LL_IsStallEP
 .text.USBD_LL_SetUSBAddress
                0x0000000008001a38       0x3e build/usbd_conf.o
                0x0000000008001a38                USBD_LL_SetUSBAddress
 .text.USBD_LL_Transmit
                0x0000000008001a76       0x42 build/usbd_conf.o
                0x0000000008001a76                USBD_LL_Transmit
 .text.USBD_LL_PrepareReceive
                0x0000000008001ab8       0x42 build/usbd_conf.o
                0x0000000008001ab8                USBD_LL_PrepareReceive
 .text.USBD_LL_GetRxDataSize
                0x0000000008001afa       0x26 build/usbd_conf.o
                0x0000000008001afa                USBD_LL_GetRxDataSize
 .text.USBD_static_malloc
                0x0000000008001b20       0x1c build/usbd_conf.o
                0x0000000008001b20                USBD_static_malloc
 .text.USBD_static_free
                0x0000000008001b3c       0x14 build/usbd_conf.o
                0x0000000008001b3c                USBD_static_free
 .text.USBD_Get_USB_Status
                0x0000000008001b50       0x58 build/usbd_conf.o
                0x0000000008001b50                USBD_Get_USB_Status
 .text.sendRAWAT
                0x0000000008001ba8       0xfc build/uart_at.o
                0x0000000008001ba8                sendRAWAT
 .text.ParseResponse
                0x0000000008001ca4       0x6c build/uart_at.o
                0x0000000008001ca4                ParseResponse
 .text.ParseAT  0x0000000008001d10       0x74 build/uart_at.o
                0x0000000008001d10                ParseAT
 .text.ATHandlingTaskCode
                0x0000000008001d84      0x2e4 build/uart_at.o
                0x0000000008001d84                ATHandlingTaskCode
 .text.ATParsingTaskCode
                0x0000000008002068      0x1b0 build/uart_at.o
                0x0000000008002068                ATParsingTaskCode
 .text.Ringbuf_Init
                0x0000000008002218       0x54 build/uartRingBufDMA.o
                0x0000000008002218                Ringbuf_Init
 .text.Ringbuf_Reset
                0x000000000800226c       0x4c build/uartRingBufDMA.o
                0x000000000800226c                Ringbuf_Reset
 .text.labscim_buffer_direct_input
                0x00000000080022b8       0xc0 build/uartRingBufDMA.o
                0x00000000080022b8                labscim_buffer_direct_input
 .text.labscim_buffer_peek
                0x0000000008002378       0xa8 build/uartRingBufDMA.o
 .text.labscim_find_char_on_buffer
                0x0000000008002420       0xe8 build/uartRingBufDMA.o
                0x0000000008002420                labscim_find_char_on_buffer
 .text.labscim_buffer_retrieve
                0x0000000008002508       0x48 build/uartRingBufDMA.o
                0x0000000008002508                labscim_buffer_retrieve
 .text.labscim_buffer_used
                0x0000000008002550       0x18 build/uartRingBufDMA.o
                0x0000000008002550                labscim_buffer_used
 .text.HAL_UARTEx_RxEventCallback
                0x0000000008002568       0x54 build/uartRingBufDMA.o
                0x0000000008002568                HAL_UARTEx_RxEventCallback
 .text.SendToUART
                0x00000000080025bc       0x60 build/uartRingBufDMA.o
                0x00000000080025bc                SendToUART
 .text.HAL_UART_TxHalfCpltCallback
                0x000000000800261c       0x14 build/uartRingBufDMA.o
                0x000000000800261c                HAL_UART_TxHalfCpltCallback
 .text.HAL_UART_TxCpltCallback
                0x0000000008002630       0x20 build/uartRingBufDMA.o
                0x0000000008002630                HAL_UART_TxCpltCallback
 .text.UARTProcTaskCode
                0x0000000008002650       0x88 build/uartRingBufDMA.o
                0x0000000008002650                UARTProcTaskCode
 .text.LoRaWAN_JoinCallback
                0x00000000080026d8       0x7c build/radioenge_modem.o
                0x00000000080026d8                LoRaWAN_JoinCallback
 .text.DutyCycleTimerCallback
                0x0000000008002754       0x40 build/radioenge_modem.o
                0x0000000008002754                DutyCycleTimerCallback
 .text.resetRadio
                0x0000000008002794       0x24 build/radioenge_modem.o
                0x0000000008002794                resetRadio
 .text.SetRadioState
                0x00000000080027b8       0x2c build/radioenge_modem.o
                0x00000000080027b8                SetRadioState
 .text.ModemLedCallback
                0x00000000080027e4       0x14 build/radioenge_modem.o
                0x00000000080027e4                ModemLedCallback
 .text.ModemManagerTaskCode
                0x00000000080027f8      0x154 build/radioenge_modem.o
                0x00000000080027f8                ModemManagerTaskCode
 .text.LoRaWaitDutyCycle
                0x000000000800294c       0x40 build/radioenge_modem.o
                0x000000000800294c                LoRaWaitDutyCycle
 .text.LoRaWAN_RxEventCallback
                0x000000000800298c       0x1a build/application.o
                0x000000000800298c                LoRaWAN_RxEventCallback
 .text.PeriodicSendTimerCallback
                0x00000000080029a6       0x14 build/application.o
                0x00000000080029a6                PeriodicSendTimerCallback
 .text.AppSendTaskCode
                0x00000000080029ba       0x18 build/application.o
                0x00000000080029ba                AppSendTaskCode
 *fill*         0x00000000080029d2        0x2 
 .text.BlueLedTaskCode
                0x00000000080029d4       0x20 build/application.o
                0x00000000080029d4                BlueLedTaskCode
 .text.RedLedTaskCode
                0x00000000080029f4       0x20 build/application.o
                0x00000000080029f4                RedLedTaskCode
 .text.YellowLedTaskCode
                0x0000000008002a14       0x20 build/application.o
                0x0000000008002a14                YellowLedTaskCode
 .text.GreenLedTaskCode
                0x0000000008002a34       0x20 build/application.o
                0x0000000008002a34                GreenLedTaskCode
 .text.HAL_PCD_Init
                0x0000000008002a54      0x23a build/stm32f4xx_hal_pcd.o
                0x0000000008002a54                HAL_PCD_Init
 .text.HAL_PCD_Start
                0x0000000008002c8e       0x66 build/stm32f4xx_hal_pcd.o
                0x0000000008002c8e                HAL_PCD_Start
 .text.HAL_PCD_IRQHandler
                0x0000000008002cf4      0x93e build/stm32f4xx_hal_pcd.o
                0x0000000008002cf4                HAL_PCD_IRQHandler
 .text.HAL_PCD_SetAddress
                0x0000000008003632       0x4a build/stm32f4xx_hal_pcd.o
                0x0000000008003632                HAL_PCD_SetAddress
 .text.HAL_PCD_EP_Open
                0x000000000800367c       0xd0 build/stm32f4xx_hal_pcd.o
                0x000000000800367c                HAL_PCD_EP_Open
 .text.HAL_PCD_EP_Close
                0x000000000800374c       0x94 build/stm32f4xx_hal_pcd.o
                0x000000000800374c                HAL_PCD_EP_Close
 .text.HAL_PCD_EP_Receive
                0x00000000080037e0       0x96 build/stm32f4xx_hal_pcd.o
                0x00000000080037e0                HAL_PCD_EP_Receive
 .text.HAL_PCD_EP_GetRxCount
                0x0000000008003876       0x30 build/stm32f4xx_hal_pcd.o
                0x0000000008003876                HAL_PCD_EP_GetRxCount
 .text.HAL_PCD_EP_Transmit
                0x00000000080038a6       0x94 build/stm32f4xx_hal_pcd.o
                0x00000000080038a6                HAL_PCD_EP_Transmit
 .text.HAL_PCD_EP_SetStall
                0x000000000800393a       0xc8 build/stm32f4xx_hal_pcd.o
                0x000000000800393a                HAL_PCD_EP_SetStall
 .text.HAL_PCD_EP_ClrStall
                0x0000000008003a02       0xac build/stm32f4xx_hal_pcd.o
                0x0000000008003a02                HAL_PCD_EP_ClrStall
 .text.HAL_PCD_EP_Abort
                0x0000000008003aae       0x62 build/stm32f4xx_hal_pcd.o
                0x0000000008003aae                HAL_PCD_EP_Abort
 .text.PCD_WriteEmptyTxFifo
                0x0000000008003b10      0x11a build/stm32f4xx_hal_pcd.o
 *fill*         0x0000000008003c2a        0x2 
 .text.PCD_EP_OutXfrComplete_int
                0x0000000008003c2c      0x1d0 build/stm32f4xx_hal_pcd.o
 .text.PCD_EP_OutSetupPacket_int
                0x0000000008003dfc       0x8c build/stm32f4xx_hal_pcd.o
 .text.HAL_PCDEx_SetTxFiFo
                0x0000000008003e88       0x8e build/stm32f4xx_hal_pcd_ex.o
                0x0000000008003e88                HAL_PCDEx_SetTxFiFo
 .text.HAL_PCDEx_SetRxFiFo
                0x0000000008003f16       0x22 build/stm32f4xx_hal_pcd_ex.o
                0x0000000008003f16                HAL_PCDEx_SetRxFiFo
 .text.HAL_PCDEx_LPM_Callback
                0x0000000008003f38       0x18 build/stm32f4xx_hal_pcd_ex.o
                0x0000000008003f38                HAL_PCDEx_LPM_Callback
 .text.USB_CoreInit
                0x0000000008003f50       0xc2 build/stm32f4xx_ll_usb.o
                0x0000000008003f50                USB_CoreInit
 *fill*         0x0000000008004012        0x2 
 .text.USB_SetTurnaroundTime
                0x0000000008004014      0x144 build/stm32f4xx_ll_usb.o
                0x0000000008004014                USB_SetTurnaroundTime
 .text.USB_EnableGlobalInt
                0x0000000008004158       0x22 build/stm32f4xx_ll_usb.o
                0x0000000008004158                USB_EnableGlobalInt
 .text.USB_DisableGlobalInt
                0x000000000800417a       0x22 build/stm32f4xx_ll_usb.o
                0x000000000800417a                USB_DisableGlobalInt
 .text.USB_SetCurrentMode
                0x000000000800419c       0x98 build/stm32f4xx_ll_usb.o
                0x000000000800419c                USB_SetCurrentMode
 .text.USB_DevInit
                0x0000000008004234      0x2c8 build/stm32f4xx_ll_usb.o
                0x0000000008004234                USB_DevInit
 .text.USB_FlushTxFifo
                0x00000000080044fc       0x68 build/stm32f4xx_ll_usb.o
                0x00000000080044fc                USB_FlushTxFifo
 .text.USB_FlushRxFifo
                0x0000000008004564       0x60 build/stm32f4xx_ll_usb.o
                0x0000000008004564                USB_FlushRxFifo
 .text.USB_SetDevSpeed
                0x00000000080045c4       0x32 build/stm32f4xx_ll_usb.o
                0x00000000080045c4                USB_SetDevSpeed
 .text.USB_GetDevSpeed
                0x00000000080045f6       0x4a build/stm32f4xx_ll_usb.o
                0x00000000080045f6                USB_GetDevSpeed
 .text.USB_ActivateEndpoint
                0x0000000008004640      0x10e build/stm32f4xx_ll_usb.o
                0x0000000008004640                USB_ActivateEndpoint
 *fill*         0x000000000800474e        0x2 
 .text.USB_DeactivateEndpoint
                0x0000000008004750      0x1b8 build/stm32f4xx_ll_usb.o
                0x0000000008004750                USB_DeactivateEndpoint
 .text.USB_EPStartXfer
                0x0000000008004908      0x490 build/stm32f4xx_ll_usb.o
                0x0000000008004908                USB_EPStartXfer
 .text.USB_EP0StartXfer
                0x0000000008004d98      0x2b0 build/stm32f4xx_ll_usb.o
                0x0000000008004d98                USB_EP0StartXfer
 .text.USB_EPStopXfer
                0x0000000008005048      0x154 build/stm32f4xx_ll_usb.o
                0x0000000008005048                USB_EPStopXfer
 .text.USB_WritePacket
                0x000000000800519c       0x7c build/stm32f4xx_ll_usb.o
                0x000000000800519c                USB_WritePacket
 .text.USB_ReadPacket
                0x0000000008005218       0xb0 build/stm32f4xx_ll_usb.o
                0x0000000008005218                USB_ReadPacket
 .text.USB_EPSetStall
                0x00000000080052c8       0xdc build/stm32f4xx_ll_usb.o
                0x00000000080052c8                USB_EPSetStall
 .text.USB_EPClearStall
                0x00000000080053a4       0xcc build/stm32f4xx_ll_usb.o
                0x00000000080053a4                USB_EPClearStall
 .text.USB_SetDevAddress
                0x0000000008005470       0x4c build/stm32f4xx_ll_usb.o
                0x0000000008005470                USB_SetDevAddress
 .text.USB_DevConnect
                0x00000000080054bc       0x42 build/stm32f4xx_ll_usb.o
                0x00000000080054bc                USB_DevConnect
 .text.USB_DevDisconnect
                0x00000000080054fe       0x42 build/stm32f4xx_ll_usb.o
                0x00000000080054fe                USB_DevDisconnect
 .text.USB_ReadInterrupts
                0x0000000008005540       0x26 build/stm32f4xx_ll_usb.o
                0x0000000008005540                USB_ReadInterrupts
 .text.USB_ReadDevAllOutEpInterrupt
                0x0000000008005566       0x34 build/stm32f4xx_ll_usb.o
                0x0000000008005566                USB_ReadDevAllOutEpInterrupt
 .text.USB_ReadDevAllInEpInterrupt
                0x000000000800559a       0x34 build/stm32f4xx_ll_usb.o
                0x000000000800559a                USB_ReadDevAllInEpInterrupt
 .text.USB_ReadDevOutEPInterrupt
                0x00000000080055ce       0x3c build/stm32f4xx_ll_usb.o
                0x00000000080055ce                USB_ReadDevOutEPInterrupt
 .text.USB_ReadDevInEPInterrupt
                0x000000000800560a       0x5c build/stm32f4xx_ll_usb.o
                0x000000000800560a                USB_ReadDevInEPInterrupt
 .text.USB_GetMode
                0x0000000008005666       0x1c build/stm32f4xx_ll_usb.o
                0x0000000008005666                USB_GetMode
 .text.USB_ActivateSetup
                0x0000000008005682       0x46 build/stm32f4xx_ll_usb.o
                0x0000000008005682                USB_ActivateSetup
 .text.USB_EP0_OutStart
                0x00000000080056c8       0xbc build/stm32f4xx_ll_usb.o
                0x00000000080056c8                USB_EP0_OutStart
 .text.USB_CoreReset
                0x0000000008005784       0x68 build/stm32f4xx_ll_usb.o
 .text.HAL_RCC_OscConfig
                0x00000000080057ec      0x4f0 build/stm32f4xx_hal_rcc.o
                0x00000000080057ec                HAL_RCC_OscConfig
 .text.HAL_RCC_ClockConfig
                0x0000000008005cdc      0x1cc build/stm32f4xx_hal_rcc.o
                0x0000000008005cdc                HAL_RCC_ClockConfig
 .text.HAL_RCC_GetSysClockFreq
                0x0000000008005ea8      0x18c build/stm32f4xx_hal_rcc.o
                0x0000000008005ea8                HAL_RCC_GetSysClockFreq
 .text.HAL_RCC_GetHCLKFreq
                0x0000000008006034       0x18 build/stm32f4xx_hal_rcc.o
                0x0000000008006034                HAL_RCC_GetHCLKFreq
 .text.HAL_RCC_GetPCLK1Freq
                0x000000000800604c       0x28 build/stm32f4xx_hal_rcc.o
                0x000000000800604c                HAL_RCC_GetPCLK1Freq
 .text.HAL_RCC_GetPCLK2Freq
                0x0000000008006074       0x28 build/stm32f4xx_hal_rcc.o
                0x0000000008006074                HAL_RCC_GetPCLK2Freq
 .text.HAL_RCC_GetClockConfig
                0x000000000800609c       0x64 build/stm32f4xx_hal_rcc.o
                0x000000000800609c                HAL_RCC_GetClockConfig
 .text.HAL_GPIO_Init
                0x0000000008006100      0x308 build/stm32f4xx_hal_gpio.o
                0x0000000008006100                HAL_GPIO_Init
 .text.HAL_GPIO_WritePin
                0x0000000008006408       0x32 build/stm32f4xx_hal_gpio.o
                0x0000000008006408                HAL_GPIO_WritePin
 .text.HAL_GPIO_TogglePin
                0x000000000800643a       0x34 build/stm32f4xx_hal_gpio.o
                0x000000000800643a                HAL_GPIO_TogglePin
 *fill*         0x000000000800646e        0x2 
 .text.HAL_DMA_Init
                0x0000000008006470      0x15c build/stm32f4xx_hal_dma.o
                0x0000000008006470                HAL_DMA_Init
 .text.HAL_DMA_Start_IT
                0x00000000080065cc       0xb0 build/stm32f4xx_hal_dma.o
                0x00000000080065cc                HAL_DMA_Start_IT
 .text.HAL_DMA_Abort
                0x000000000800667c       0xe0 build/stm32f4xx_hal_dma.o
                0x000000000800667c                HAL_DMA_Abort
 .text.HAL_DMA_Abort_IT
                0x000000000800675c       0x44 build/stm32f4xx_hal_dma.o
                0x000000000800675c                HAL_DMA_Abort_IT
 .text.HAL_DMA_IRQHandler
                0x00000000080067a0      0x314 build/stm32f4xx_hal_dma.o
                0x00000000080067a0                HAL_DMA_IRQHandler
 .text.DMA_SetConfig
                0x0000000008006ab4       0x5c build/stm32f4xx_hal_dma.o
 .text.DMA_CalcBaseAndBitshift
                0x0000000008006b10       0x6c build/stm32f4xx_hal_dma.o
 .text.DMA_CheckFifoParam
                0x0000000008006b7c       0xf8 build/stm32f4xx_hal_dma.o
 .text.__NVIC_SetPriorityGrouping
                0x0000000008006c74       0x48 build/stm32f4xx_hal_cortex.o
 .text.__NVIC_GetPriorityGrouping
                0x0000000008006cbc       0x1c build/stm32f4xx_hal_cortex.o
 .text.__NVIC_EnableIRQ
                0x0000000008006cd8       0x3c build/stm32f4xx_hal_cortex.o
 .text.__NVIC_SetPriority
                0x0000000008006d14       0x54 build/stm32f4xx_hal_cortex.o
 .text.NVIC_EncodePriority
                0x0000000008006d68       0x66 build/stm32f4xx_hal_cortex.o
 .text.HAL_NVIC_SetPriorityGrouping
                0x0000000008006dce       0x16 build/stm32f4xx_hal_cortex.o
                0x0000000008006dce                HAL_NVIC_SetPriorityGrouping
 .text.HAL_NVIC_SetPriority
                0x0000000008006de4       0x38 build/stm32f4xx_hal_cortex.o
                0x0000000008006de4                HAL_NVIC_SetPriority
 .text.HAL_NVIC_EnableIRQ
                0x0000000008006e1c       0x1c build/stm32f4xx_hal_cortex.o
                0x0000000008006e1c                HAL_NVIC_EnableIRQ
 .text.HAL_Init
                0x0000000008006e38       0x44 build/stm32f4xx_hal.o
                0x0000000008006e38                HAL_Init
 .text.HAL_IncTick
                0x0000000008006e7c       0x28 build/stm32f4xx_hal.o
                0x0000000008006e7c                HAL_IncTick
 .text.HAL_GetTick
                0x0000000008006ea4       0x18 build/stm32f4xx_hal.o
                0x0000000008006ea4                HAL_GetTick
 .text.HAL_Delay
                0x0000000008006ebc       0x48 build/stm32f4xx_hal.o
                0x0000000008006ebc                HAL_Delay
 .text.HAL_ADC_Init
                0x0000000008006f04       0x86 build/stm32f4xx_hal_adc.o
                0x0000000008006f04                HAL_ADC_Init
 *fill*         0x0000000008006f8a        0x2 
 .text.HAL_ADC_ConfigChannel
                0x0000000008006f8c      0x264 build/stm32f4xx_hal_adc.o
                0x0000000008006f8c                HAL_ADC_ConfigChannel
 .text.ADC_Init
                0x00000000080071f0      0x1f8 build/stm32f4xx_hal_adc.o
 .text.HAL_TIM_Base_Init
                0x00000000080073e8       0x9e build/stm32f4xx_hal_tim.o
                0x00000000080073e8                HAL_TIM_Base_Init
 *fill*         0x0000000008007486        0x2 
 .text.HAL_TIM_Base_Start
                0x0000000008007488       0xb4 build/stm32f4xx_hal_tim.o
                0x0000000008007488                HAL_TIM_Base_Start
 .text.HAL_TIM_Base_Start_IT
                0x000000000800753c       0xc4 build/stm32f4xx_hal_tim.o
                0x000000000800753c                HAL_TIM_Base_Start_IT
 .text.HAL_TIM_PWM_Init
                0x0000000008007600       0x9e build/stm32f4xx_hal_tim.o
                0x0000000008007600                HAL_TIM_PWM_Init
 .text.HAL_TIM_PWM_MspInit
                0x000000000800769e       0x14 build/stm32f4xx_hal_tim.o
                0x000000000800769e                HAL_TIM_PWM_MspInit
 *fill*         0x00000000080076b2        0x2 
 .text.HAL_TIM_PWM_Start
                0x00000000080076b4      0x160 build/stm32f4xx_hal_tim.o
                0x00000000080076b4                HAL_TIM_PWM_Start
 .text.HAL_TIM_IRQHandler
                0x0000000008007814      0x210 build/stm32f4xx_hal_tim.o
                0x0000000008007814                HAL_TIM_IRQHandler
 .text.HAL_TIM_PWM_ConfigChannel
                0x0000000008007a24      0x184 build/stm32f4xx_hal_tim.o
                0x0000000008007a24                HAL_TIM_PWM_ConfigChannel
 .text.HAL_TIM_ConfigClockSource
                0x0000000008007ba8      0x18e build/stm32f4xx_hal_tim.o
                0x0000000008007ba8                HAL_TIM_ConfigClockSource
 .text.HAL_TIM_OC_DelayElapsedCallback
                0x0000000008007d36       0x14 build/stm32f4xx_hal_tim.o
                0x0000000008007d36                HAL_TIM_OC_DelayElapsedCallback
 .text.HAL_TIM_IC_CaptureCallback
                0x0000000008007d4a       0x14 build/stm32f4xx_hal_tim.o
                0x0000000008007d4a                HAL_TIM_IC_CaptureCallback
 .text.HAL_TIM_PWM_PulseFinishedCallback
                0x0000000008007d5e       0x14 build/stm32f4xx_hal_tim.o
                0x0000000008007d5e                HAL_TIM_PWM_PulseFinishedCallback
 .text.HAL_TIM_TriggerCallback
                0x0000000008007d72       0x14 build/stm32f4xx_hal_tim.o
                0x0000000008007d72                HAL_TIM_TriggerCallback
 *fill*         0x0000000008007d86        0x2 
 .text.TIM_Base_SetConfig
                0x0000000008007d88      0x100 build/stm32f4xx_hal_tim.o
                0x0000000008007d88                TIM_Base_SetConfig
 .text.TIM_OC1_SetConfig
                0x0000000008007e88       0xcc build/stm32f4xx_hal_tim.o
 .text.TIM_OC2_SetConfig
                0x0000000008007f54       0xd8 build/stm32f4xx_hal_tim.o
                0x0000000008007f54                TIM_OC2_SetConfig
 .text.TIM_OC3_SetConfig
                0x000000000800802c       0xd4 build/stm32f4xx_hal_tim.o
 .text.TIM_OC4_SetConfig
                0x0000000008008100       0xa0 build/stm32f4xx_hal_tim.o
 .text.TIM_TI1_ConfigInputStage
                0x00000000080081a0       0x5e build/stm32f4xx_hal_tim.o
 .text.TIM_TI2_ConfigInputStage
                0x00000000080081fe       0x60 build/stm32f4xx_hal_tim.o
 .text.TIM_ITRx_SetConfig
                0x000000000800825e       0x36 build/stm32f4xx_hal_tim.o
 .text.TIM_ETR_SetConfig
                0x0000000008008294       0x40 build/stm32f4xx_hal_tim.o
                0x0000000008008294                TIM_ETR_SetConfig
 .text.TIM_CCxChannelCmd
                0x00000000080082d4       0x4a build/stm32f4xx_hal_tim.o
                0x00000000080082d4                TIM_CCxChannelCmd
 *fill*         0x000000000800831e        0x2 
 .text.HAL_TIMEx_MasterConfigSynchronization
                0x0000000008008320       0xdc build/stm32f4xx_hal_tim_ex.o
                0x0000000008008320                HAL_TIMEx_MasterConfigSynchronization
 .text.HAL_TIMEx_ConfigBreakDeadTime
                0x00000000080083fc       0xa4 build/stm32f4xx_hal_tim_ex.o
                0x00000000080083fc                HAL_TIMEx_ConfigBreakDeadTime
 .text.HAL_TIMEx_CommutCallback
                0x00000000080084a0       0x14 build/stm32f4xx_hal_tim_ex.o
                0x00000000080084a0                HAL_TIMEx_CommutCallback
 .text.HAL_TIMEx_BreakCallback
                0x00000000080084b4       0x14 build/stm32f4xx_hal_tim_ex.o
                0x00000000080084b4                HAL_TIMEx_BreakCallback
 .text.HAL_UART_Init
                0x00000000080084c8       0x9a build/stm32f4xx_hal_uart.o
                0x00000000080084c8                HAL_UART_Init
 *fill*         0x0000000008008562        0x2 
 .text.HAL_UART_Transmit_DMA
                0x0000000008008564       0xfc build/stm32f4xx_hal_uart.o
                0x0000000008008564                HAL_UART_Transmit_DMA
 .text.HAL_UARTEx_ReceiveToIdle_DMA
                0x0000000008008660       0xca build/stm32f4xx_hal_uart.o
                0x0000000008008660                HAL_UARTEx_ReceiveToIdle_DMA
 *fill*         0x000000000800872a        0x2 
 .text.HAL_UART_IRQHandler
                0x000000000800872c      0x51c build/stm32f4xx_hal_uart.o
                0x000000000800872c                HAL_UART_IRQHandler
 .text.HAL_UART_RxCpltCallback
                0x0000000008008c48       0x14 build/stm32f4xx_hal_uart.o
                0x0000000008008c48                HAL_UART_RxCpltCallback
 .text.HAL_UART_RxHalfCpltCallback
                0x0000000008008c5c       0x14 build/stm32f4xx_hal_uart.o
                0x0000000008008c5c                HAL_UART_RxHalfCpltCallback
 .text.HAL_UART_ErrorCallback
                0x0000000008008c70       0x14 build/stm32f4xx_hal_uart.o
                0x0000000008008c70                HAL_UART_ErrorCallback
 .text.UART_DMATransmitCplt
                0x0000000008008c84       0x9a build/stm32f4xx_hal_uart.o
 .text.UART_DMATxHalfCplt
                0x0000000008008d1e       0x1c build/stm32f4xx_hal_uart.o
 .text.UART_DMAReceiveCplt
                0x0000000008008d3a      0x126 build/stm32f4xx_hal_uart.o
 .text.UART_DMARxHalfCplt
                0x0000000008008e60       0x36 build/stm32f4xx_hal_uart.o
 .text.UART_DMAError
                0x0000000008008e96       0x94 build/stm32f4xx_hal_uart.o
 *fill*         0x0000000008008f2a        0x2 
 .text.UART_Start_Receive_DMA
                0x0000000008008f2c      0x13c build/stm32f4xx_hal_uart.o
                0x0000000008008f2c                UART_Start_Receive_DMA
 .text.UART_EndTxTransfer
                0x0000000008009068       0x50 build/stm32f4xx_hal_uart.o
 .text.UART_EndRxTransfer
                0x00000000080090b8       0xc6 build/stm32f4xx_hal_uart.o
 .text.UART_DMAAbortOnError
                0x000000000800917e       0x28 build/stm32f4xx_hal_uart.o
 .text.UART_Transmit_IT
                0x00000000080091a6       0xa0 build/stm32f4xx_hal_uart.o
 .text.UART_EndTransmit_IT
                0x0000000008009246       0x30 build/stm32f4xx_hal_uart.o
 .text.UART_Receive_IT
                0x0000000008009276      0x176 build/stm32f4xx_hal_uart.o
 .text.UART_SetConfig
                0x00000000080093ec      0x4e8 build/stm32f4xx_hal_uart.o
 .text.SystemInit
                0x00000000080098d4       0x24 build/system_stm32f4xx.o
                0x00000000080098d4                SystemInit
 .text.xEventGroupCreateStatic
                0x00000000080098f8       0x72 build/event_groups.o
                0x00000000080098f8                xEventGroupCreateStatic
 .text.xEventGroupCreate
                0x000000000800996a       0x34 build/event_groups.o
                0x000000000800996a                xEventGroupCreate
 *fill*         0x000000000800999e        0x2 
 .text.xEventGroupWaitBits
                0x00000000080099a0      0x1a4 build/event_groups.o
                0x00000000080099a0                xEventGroupWaitBits
 .text.xEventGroupClearBits
                0x0000000008009b44       0x72 build/event_groups.o
                0x0000000008009b44                xEventGroupClearBits
 *fill*         0x0000000008009bb6        0x2 
 .text.xEventGroupClearBitsFromISR
                0x0000000008009bb8       0x28 build/event_groups.o
                0x0000000008009bb8                xEventGroupClearBitsFromISR
 .text.xEventGroupGetBitsFromISR
                0x0000000008009be0       0x48 build/event_groups.o
                0x0000000008009be0                xEventGroupGetBitsFromISR
 .text.xEventGroupSetBits
                0x0000000008009c28      0x118 build/event_groups.o
                0x0000000008009c28                xEventGroupSetBits
 .text.vEventGroupSetBitsCallback
                0x0000000008009d40       0x1a build/event_groups.o
                0x0000000008009d40                vEventGroupSetBitsCallback
 .text.vEventGroupClearBitsCallback
                0x0000000008009d5a       0x1a build/event_groups.o
                0x0000000008009d5a                vEventGroupClearBitsCallback
 .text.prvTestWaitCondition
                0x0000000008009d74       0x44 build/event_groups.o
 .text.xEventGroupSetBitsFromISR
                0x0000000008009db8       0x28 build/event_groups.o
                0x0000000008009db8                xEventGroupSetBitsFromISR
 .text.vListInitialise
                0x0000000008009de0       0x40 build/list.o
                0x0000000008009de0                vListInitialise
 .text.vListInitialiseItem
                0x0000000008009e20       0x1a build/list.o
                0x0000000008009e20                vListInitialiseItem
 .text.vListInsertEnd
                0x0000000008009e3a       0x48 build/list.o
                0x0000000008009e3a                vListInsertEnd
 .text.vListInsert
                0x0000000008009e82       0x72 build/list.o
                0x0000000008009e82                vListInsert
 .text.uxListRemove
                0x0000000008009ef4       0x54 build/list.o
                0x0000000008009ef4                uxListRemove
 .text.xQueueGenericReset
                0x0000000008009f48       0xd4 build/queue.o
                0x0000000008009f48                xQueueGenericReset
 .text.xQueueGenericCreateStatic
                0x000000000800a01c       0xfa build/queue.o
                0x000000000800a01c                xQueueGenericCreateStatic
 .text.xQueueGenericCreate
                0x000000000800a116       0x76 build/queue.o
                0x000000000800a116                xQueueGenericCreate
 .text.prvInitialiseNewQueue
                0x000000000800a18c       0x46 build/queue.o
 .text.xQueueCreateCountingSemaphoreStatic
                0x000000000800a1d2       0x72 build/queue.o
                0x000000000800a1d2                xQueueCreateCountingSemaphoreStatic
 .text.xQueueCreateCountingSemaphore
                0x000000000800a244       0x6a build/queue.o
                0x000000000800a244                xQueueCreateCountingSemaphore
 *fill*         0x000000000800a2ae        0x2 
 .text.xQueueGenericSend
                0x000000000800a2b0      0x204 build/queue.o
                0x000000000800a2b0                xQueueGenericSend
 .text.xQueueGenericSendFromISR
                0x000000000800a4b4      0x13c build/queue.o
                0x000000000800a4b4                xQueueGenericSendFromISR
 .text.xQueueGiveFromISR
                0x000000000800a5f0      0x120 build/queue.o
                0x000000000800a5f0                xQueueGiveFromISR
 .text.xQueueReceive
                0x000000000800a710      0x1c4 build/queue.o
                0x000000000800a710                xQueueReceive
 .text.xQueueSemaphoreTake
                0x000000000800a8d4      0x220 build/queue.o
                0x000000000800a8d4                xQueueSemaphoreTake
 .text.xQueueReceiveFromISR
                0x000000000800aaf4      0x104 build/queue.o
                0x000000000800aaf4                xQueueReceiveFromISR
 .text.uxQueueMessagesWaiting
                0x000000000800abf8       0x3e build/queue.o
                0x000000000800abf8                uxQueueMessagesWaiting
 .text.uxQueueMessagesWaitingFromISR
                0x000000000800ac36       0x3e build/queue.o
                0x000000000800ac36                uxQueueMessagesWaitingFromISR
 .text.vQueueDelete
                0x000000000800ac74       0x48 build/queue.o
                0x000000000800ac74                vQueueDelete
 .text.prvGetDisinheritPriorityAfterTimeout
                0x000000000800acbc       0x30 build/queue.o
 .text.prvCopyDataToQueue
                0x000000000800acec       0xd4 build/queue.o
 .text.prvCopyDataFromQueue
                0x000000000800adc0       0x4c build/queue.o
 .text.prvUnlockQueue
                0x000000000800ae0c       0xa4 build/queue.o
 .text.prvIsQueueEmpty
                0x000000000800aeb0       0x2c build/queue.o
 .text.prvIsQueueFull
                0x000000000800aedc       0x30 build/queue.o
 .text.vQueueAddToRegistry
                0x000000000800af0c       0x54 build/queue.o
                0x000000000800af0c                vQueueAddToRegistry
 .text.vQueueUnregisterQueue
                0x000000000800af60       0x54 build/queue.o
                0x000000000800af60                vQueueUnregisterQueue
 .text.vQueueWaitForMessageRestricted
                0x000000000800afb4       0x68 build/queue.o
                0x000000000800afb4                vQueueWaitForMessageRestricted
 .text.xTaskCreateStatic
                0x000000000800b01c       0xc0 build/tasks.o
                0x000000000800b01c                xTaskCreateStatic
 .text.xTaskCreate
                0x000000000800b0dc       0x8a build/tasks.o
                0x000000000800b0dc                xTaskCreate
 .text.prvInitialiseNewTask
                0x000000000800b166      0x12c build/tasks.o
 *fill*         0x000000000800b292        0x2 
 .text.prvAddNewTaskToReadyList
                0x000000000800b294       0xe0 build/tasks.o
 .text.vTaskDelay
                0x000000000800b374       0x6c build/tasks.o
                0x000000000800b374                vTaskDelay
 .text.vTaskStartScheduler
                0x000000000800b3e0       0xd4 build/tasks.o
                0x000000000800b3e0                vTaskStartScheduler
 .text.vTaskSuspendAll
                0x000000000800b4b4       0x1c build/tasks.o
                0x000000000800b4b4                vTaskSuspendAll
 .text.prvGetExpectedIdleTime
                0x000000000800b4d0       0x70 build/tasks.o
 .text.xTaskResumeAll
                0x000000000800b540      0x13c build/tasks.o
                0x000000000800b540                xTaskResumeAll
 .text.xTaskGetTickCount
                0x000000000800b67c       0x20 build/tasks.o
                0x000000000800b67c                xTaskGetTickCount
 .text.vTaskStepTick
                0x000000000800b69c       0x50 build/tasks.o
                0x000000000800b69c                vTaskStepTick
 .text.xTaskIncrementTick
                0x000000000800b6ec      0x174 build/tasks.o
                0x000000000800b6ec                xTaskIncrementTick
 .text.vTaskSwitchContext
                0x000000000800b860       0xf4 build/tasks.o
                0x000000000800b860                vTaskSwitchContext
 .text.vTaskPlaceOnEventList
                0x000000000800b954       0x4c build/tasks.o
                0x000000000800b954                vTaskPlaceOnEventList
 .text.vTaskPlaceOnUnorderedEventList
                0x000000000800b9a0       0x7c build/tasks.o
                0x000000000800b9a0                vTaskPlaceOnUnorderedEventList
 .text.vTaskPlaceOnEventListRestricted
                0x000000000800ba1c       0x58 build/tasks.o
                0x000000000800ba1c                vTaskPlaceOnEventListRestricted
 .text.xTaskRemoveFromEventList
                0x000000000800ba74       0xcc build/tasks.o
                0x000000000800ba74                xTaskRemoveFromEventList
 .text.vTaskRemoveFromUnorderedEventList
                0x000000000800bb40       0xcc build/tasks.o
                0x000000000800bb40                vTaskRemoveFromUnorderedEventList
 .text.vTaskInternalSetTimeOutState
                0x000000000800bc0c       0x2c build/tasks.o
                0x000000000800bc0c                vTaskInternalSetTimeOutState
 .text.xTaskCheckForTimeOut
                0x000000000800bc38       0xc8 build/tasks.o
                0x000000000800bc38                xTaskCheckForTimeOut
 .text.vTaskMissedYield
                0x000000000800bd00       0x18 build/tasks.o
                0x000000000800bd00                vTaskMissedYield
 .text.prvIdleTask
                0x000000000800bd18       0x80 build/tasks.o
 .text.eTaskConfirmSleepModeStatus
                0x000000000800bd98       0x5c build/tasks.o
                0x000000000800bd98                eTaskConfirmSleepModeStatus
 .text.prvInitialiseTaskLists
                0x000000000800bdf4       0x80 build/tasks.o
 .text.prvCheckTasksWaitingTermination
                0x000000000800be74       0x5c build/tasks.o
 .text.prvDeleteTCB
                0x000000000800bed0       0x60 build/tasks.o
 .text.prvResetNextTaskUnblockTime
                0x000000000800bf30       0x40 build/tasks.o
 .text.xTaskGetCurrentTaskHandle
                0x000000000800bf70       0x20 build/tasks.o
                0x000000000800bf70                xTaskGetCurrentTaskHandle
 .text.xTaskGetSchedulerState
                0x000000000800bf90       0x3c build/tasks.o
                0x000000000800bf90                xTaskGetSchedulerState
 .text.xTaskPriorityInherit
                0x000000000800bfcc       0xd0 build/tasks.o
                0x000000000800bfcc                xTaskPriorityInherit
 .text.xTaskPriorityDisinherit
                0x000000000800c09c       0xe0 build/tasks.o
                0x000000000800c09c                xTaskPriorityDisinherit
 .text.vTaskPriorityDisinheritAfterTimeout
                0x000000000800c17c      0x108 build/tasks.o
                0x000000000800c17c                vTaskPriorityDisinheritAfterTimeout
 .text.uxTaskResetEventItemValue
                0x000000000800c284       0x30 build/tasks.o
                0x000000000800c284                uxTaskResetEventItemValue
 .text.pvTaskIncrementMutexHeldCount
                0x000000000800c2b4       0x28 build/tasks.o
                0x000000000800c2b4                pvTaskIncrementMutexHeldCount
 .text.xTaskNotifyWait
                0x000000000800c2dc       0xb4 build/tasks.o
                0x000000000800c2dc                xTaskNotifyWait
 .text.xTaskGenericNotify
                0x000000000800c390      0x178 build/tasks.o
                0x000000000800c390                xTaskGenericNotify
 .text.xTaskGenericNotifyFromISR
                0x000000000800c508      0x1c0 build/tasks.o
                0x000000000800c508                xTaskGenericNotifyFromISR
 .text.prvAddCurrentTaskToDelayedList
                0x000000000800c6c8       0xa8 build/tasks.o
 .text.xTimerCreateTimerTask
                0x000000000800c770       0x94 build/timers.o
                0x000000000800c770                xTimerCreateTimerTask
 .text.xTimerCreate
                0x000000000800c804       0x42 build/timers.o
                0x000000000800c804                xTimerCreate
 .text.xTimerCreateStatic
                0x000000000800c846       0x80 build/timers.o
                0x000000000800c846                xTimerCreateStatic
 .text.prvInitialiseNewTimer
                0x000000000800c8c6       0x78 build/timers.o
 *fill*         0x000000000800c93e        0x2 
 .text.xTimerGenericCommand
                0x000000000800c940       0x9c build/timers.o
                0x000000000800c940                xTimerGenericCommand
 .text.prvProcessExpiredTimer
                0x000000000800c9dc       0x9c build/timers.o
 .text.prvTimerTask
                0x000000000800ca78       0x26 build/timers.o
 *fill*         0x000000000800ca9e        0x2 
 .text.prvProcessTimerOrBlockTask
                0x000000000800caa0       0x9c build/timers.o
 .text.prvGetNextExpireTime
                0x000000000800cb3c       0x48 build/timers.o
 .text.prvSampleTimeNow
                0x000000000800cb84       0x40 build/timers.o
 .text.prvInsertTimerInActiveList
                0x000000000800cbc4       0x84 build/timers.o
 .text.prvProcessReceivedCommands
                0x000000000800cc48      0x1cc build/timers.o
 .text.prvSwitchTimerLists
                0x000000000800ce14       0xcc build/timers.o
 .text.prvCheckForValidListAndQueue
                0x000000000800cee0       0x80 build/timers.o
 .text.pvTimerGetTimerID
                0x000000000800cf60       0x42 build/timers.o
                0x000000000800cf60                pvTimerGetTimerID
 *fill*         0x000000000800cfa2        0x2 
 .text.xTimerPendFunctionCallFromISR
                0x000000000800cfa4       0x40 build/timers.o
                0x000000000800cfa4                xTimerPendFunctionCallFromISR
 .text.__NVIC_SetPriority
                0x000000000800cfe4       0x54 build/cmsis_os2.o
 .text.SysTick_Handler
                0x000000000800d038       0x20 build/cmsis_os2.o
                0x000000000800d038                SysTick_Handler
 .text.SVC_Setup
                0x000000000800d058       0x12 build/cmsis_os2.o
 *fill*         0x000000000800d06a        0x2 
 .text.osKernelInitialize
                0x000000000800d06c       0x48 build/cmsis_os2.o
                0x000000000800d06c                osKernelInitialize
 .text.osKernelStart
                0x000000000800d0b4       0x4c build/cmsis_os2.o
                0x000000000800d0b4                osKernelStart
 .text.osThreadNew
                0x000000000800d100      0x124 build/cmsis_os2.o
                0x000000000800d100                osThreadNew
 .text.osThreadGetId
                0x000000000800d224       0x16 build/cmsis_os2.o
                0x000000000800d224                osThreadGetId
 *fill*         0x000000000800d23a        0x2 
 .text.osThreadFlagsSet
                0x000000000800d23c       0x9c build/cmsis_os2.o
                0x000000000800d23c                osThreadFlagsSet
 .text.osThreadFlagsClear
                0x000000000800d2d8       0x7c build/cmsis_os2.o
                0x000000000800d2d8                osThreadFlagsClear
 .text.osThreadFlagsWait
                0x000000000800d354      0x102 build/cmsis_os2.o
                0x000000000800d354                osThreadFlagsWait
 .text.osDelay  0x000000000800d456       0x36 build/cmsis_os2.o
                0x000000000800d456                osDelay
 .text.TimerCallback
                0x000000000800d48c       0x2a build/cmsis_os2.o
 *fill*         0x000000000800d4b6        0x2 
 .text.osTimerNew
                0x000000000800d4b8       0xf8 build/cmsis_os2.o
                0x000000000800d4b8                osTimerNew
 .text.osTimerStart
                0x000000000800d5b0       0x5c build/cmsis_os2.o
                0x000000000800d5b0                osTimerStart
 .text.osEventFlagsNew
                0x000000000800d60c       0x7e build/cmsis_os2.o
                0x000000000800d60c                osEventFlagsNew
 *fill*         0x000000000800d68a        0x2 
 .text.osEventFlagsSet
                0x000000000800d68c       0x84 build/cmsis_os2.o
                0x000000000800d68c                osEventFlagsSet
 .text.osEventFlagsClear
                0x000000000800d710       0x62 build/cmsis_os2.o
                0x000000000800d710                osEventFlagsClear
 .text.osEventFlagsWait
                0x000000000800d772       0xca build/cmsis_os2.o
                0x000000000800d772                osEventFlagsWait
 .text.osSemaphoreNew
                0x000000000800d83c      0x112 build/cmsis_os2.o
                0x000000000800d83c                osSemaphoreNew
 *fill*         0x000000000800d94e        0x2 
 .text.osSemaphoreAcquire
                0x000000000800d950       0xa4 build/cmsis_os2.o
                0x000000000800d950                osSemaphoreAcquire
 .text.osSemaphoreRelease
                0x000000000800d9f4       0x88 build/cmsis_os2.o
                0x000000000800d9f4                osSemaphoreRelease
 .text.osMessageQueueNew
                0x000000000800da7c       0xe6 build/cmsis_os2.o
                0x000000000800da7c                osMessageQueueNew
 *fill*         0x000000000800db62        0x2 
 .text.osMessageQueuePut
                0x000000000800db64       0xc0 build/cmsis_os2.o
                0x000000000800db64                osMessageQueuePut
 .text.osMessageQueueGet
                0x000000000800dc24       0xbc build/cmsis_os2.o
                0x000000000800dc24                osMessageQueueGet
 .text.osMemoryPoolNew
                0x000000000800dce0      0x1ac build/cmsis_os2.o
                0x000000000800dce0                osMemoryPoolNew
 .text.osMemoryPoolAlloc
                0x000000000800de8c       0xec build/cmsis_os2.o
                0x000000000800de8c                osMemoryPoolAlloc
 .text.osMemoryPoolFree
                0x000000000800df78      0x130 build/cmsis_os2.o
                0x000000000800df78                osMemoryPoolFree
 .text.CreateBlock
                0x000000000800e0a8       0x44 build/cmsis_os2.o
 .text.AllocBlock
                0x000000000800e0ec       0x30 build/cmsis_os2.o
 .text.FreeBlock
                0x000000000800e11c       0x28 build/cmsis_os2.o
 .text.vApplicationGetIdleTaskMemory
                0x000000000800e144       0x34 build/cmsis_os2.o
                0x000000000800e144                vApplicationGetIdleTaskMemory
 .text.vApplicationGetTimerTaskMemory
                0x000000000800e178       0x34 build/cmsis_os2.o
                0x000000000800e178                vApplicationGetTimerTaskMemory
 .text.pvPortMalloc
                0x000000000800e1ac      0x19c build/heap_4.o
                0x000000000800e1ac                pvPortMalloc
 .text.vPortFree
                0x000000000800e348       0xc8 build/heap_4.o
                0x000000000800e348                vPortFree
 .text.prvHeapInit
                0x000000000800e410       0xc4 build/heap_4.o
 .text.prvInsertBlockIntoFreeList
                0x000000000800e4d4       0xb4 build/heap_4.o
 .text.pxPortInitialiseStack
                0x000000000800e588       0x68 build/port.o
                0x000000000800e588                pxPortInitialiseStack
 .text.prvTaskExitError
                0x000000000800e5f0       0x5c build/port.o
 *fill*         0x000000000800e64c        0x4 
 .text.SVC_Handler
                0x000000000800e650       0x28 build/port.o
                0x000000000800e650                SVC_Handler
 .text.prvPortStartFirstTask
                0x000000000800e678       0x28 build/port.o
 .text.xPortStartScheduler
                0x000000000800e6a0      0x148 build/port.o
                0x000000000800e6a0                xPortStartScheduler
 .text.vPortEnterCritical
                0x000000000800e7e8       0x64 build/port.o
                0x000000000800e7e8                vPortEnterCritical
 .text.vPortExitCritical
                0x000000000800e84c       0x54 build/port.o
                0x000000000800e84c                vPortExitCritical
 .text.PendSV_Handler
                0x000000000800e8a0       0x68 build/port.o
                0x000000000800e8a0                PendSV_Handler
 .text.xPortSysTickHandler
                0x000000000800e908       0x44 build/port.o
                0x000000000800e908                xPortSysTickHandler
 .text.vPortSuppressTicksAndSleep
                0x000000000800e94c      0x198 build/port.o
                0x000000000800e94c                vPortSuppressTicksAndSleep
 .text.vPortSetupTimerInterrupt
                0x000000000800eae4       0x78 build/port.o
                0x000000000800eae4                vPortSetupTimerInterrupt
 .text.vPortEnableVFP
                0x000000000800eb5c       0x14 build/port.o
 .text.vPortValidateInterruptPriority
                0x000000000800eb70       0x84 build/port.o
                0x000000000800eb70                vPortValidateInterruptPriority
 .text.USBD_Init
                0x000000000800ebf4       0x60 build/usbd_core.o
                0x000000000800ebf4                USBD_Init
 .text.USBD_RegisterClass
                0x000000000800ec54       0x6c build/usbd_core.o
                0x000000000800ec54                USBD_RegisterClass
 .text.USBD_Start
                0x000000000800ecc0       0x18 build/usbd_core.o
                0x000000000800ecc0                USBD_Start
 .text.USBD_RunTestMode
                0x000000000800ecd8       0x16 build/usbd_core.o
                0x000000000800ecd8                USBD_RunTestMode
 .text.USBD_SetClassConfig
                0x000000000800ecee       0x38 build/usbd_core.o
                0x000000000800ecee                USBD_SetClassConfig
 .text.USBD_ClrClassConfig
                0x000000000800ed26       0x34 build/usbd_core.o
                0x000000000800ed26                USBD_ClrClassConfig
 .text.USBD_LL_SetupStage
                0x000000000800ed5a       0xaa build/usbd_core.o
                0x000000000800ed5a                USBD_LL_SetupStage
 .text.USBD_LL_DataOutStage
                0x000000000800ee04      0x166 build/usbd_core.o
                0x000000000800ee04                USBD_LL_DataOutStage
 .text.USBD_LL_DataInStage
                0x000000000800ef6a      0x164 build/usbd_core.o
                0x000000000800ef6a                USBD_LL_DataInStage
 .text.USBD_LL_Reset
                0x000000000800f0ce       0xa4 build/usbd_core.o
                0x000000000800f0ce                USBD_LL_Reset
 .text.USBD_LL_SetSpeed
                0x000000000800f172       0x20 build/usbd_core.o
                0x000000000800f172                USBD_LL_SetSpeed
 .text.USBD_LL_Suspend
                0x000000000800f192       0x2c build/usbd_core.o
                0x000000000800f192                USBD_LL_Suspend
 .text.USBD_LL_Resume
                0x000000000800f1be       0x30 build/usbd_core.o
                0x000000000800f1be                USBD_LL_Resume
 .text.USBD_LL_SOF
                0x000000000800f1ee       0x40 build/usbd_core.o
                0x000000000800f1ee                USBD_LL_SOF
 .text.USBD_LL_IsoINIncomplete
                0x000000000800f22e       0x64 build/usbd_core.o
                0x000000000800f22e                USBD_LL_IsoINIncomplete
 .text.USBD_LL_IsoOUTIncomplete
                0x000000000800f292       0x64 build/usbd_core.o
                0x000000000800f292                USBD_LL_IsoOUTIncomplete
 .text.USBD_LL_DevConnected
                0x000000000800f2f6       0x16 build/usbd_core.o
                0x000000000800f2f6                USBD_LL_DevConnected
 .text.USBD_LL_DevDisconnected
                0x000000000800f30c       0x46 build/usbd_core.o
                0x000000000800f30c                USBD_LL_DevDisconnected
 .text.USBD_CoreFindIF
                0x000000000800f352       0x1a build/usbd_core.o
                0x000000000800f352                USBD_CoreFindIF
 .text.USBD_CoreFindEP
                0x000000000800f36c       0x1a build/usbd_core.o
                0x000000000800f36c                USBD_CoreFindEP
 .text.USBD_GetEpDesc
                0x000000000800f386       0x70 build/usbd_core.o
                0x000000000800f386                USBD_GetEpDesc
 .text.USBD_GetNextDesc
                0x000000000800f3f6       0x38 build/usbd_core.o
                0x000000000800f3f6                USBD_GetNextDesc
 .text.SWAPBYTE
                0x000000000800f42e       0x3c build/usbd_ctlreq.o
 *fill*         0x000000000800f46a        0x2 
 .text.USBD_StdDevReq
                0x000000000800f46c       0xe4 build/usbd_ctlreq.o
                0x000000000800f46c                USBD_StdDevReq
 .text.USBD_StdItfReq
                0x000000000800f550       0xd8 build/usbd_ctlreq.o
                0x000000000800f550                USBD_StdItfReq
 .text.USBD_StdEPReq
                0x000000000800f628      0x33a build/usbd_ctlreq.o
                0x000000000800f628                USBD_StdEPReq
 *fill*         0x000000000800f962        0x2 
 .text.USBD_GetDescriptor
                0x000000000800f964      0x2d4 build/usbd_ctlreq.o
 .text.USBD_SetAddress
                0x000000000800fc38       0x88 build/usbd_ctlreq.o
 .text.USBD_SetConfig
                0x000000000800fcc0      0x154 build/usbd_ctlreq.o
 .text.USBD_GetConfig
                0x000000000800fe14       0x6c build/usbd_ctlreq.o
 .text.USBD_GetStatus
                0x000000000800fe80       0x68 build/usbd_ctlreq.o
 .text.USBD_SetFeature
                0x000000000800fee8       0x52 build/usbd_ctlreq.o
 .text.USBD_ClrFeature
                0x000000000800ff3a       0x44 build/usbd_ctlreq.o
 .text.USBD_ParseSetupRequest
                0x000000000800ff7e       0x74 build/usbd_ctlreq.o
                0x000000000800ff7e                USBD_ParseSetupRequest
 .text.USBD_CtlError
                0x000000000800fff2       0x22 build/usbd_ctlreq.o
                0x000000000800fff2                USBD_CtlError
 .text.USBD_GetString
                0x0000000008010014       0x8c build/usbd_ctlreq.o
                0x0000000008010014                USBD_GetString
 .text.USBD_GetLen
                0x00000000080100a0       0x34 build/usbd_ctlreq.o
 .text.USBD_CtlSendData
                0x00000000080100d4       0x36 build/usbd_ioreq.o
                0x00000000080100d4                USBD_CtlSendData
 .text.USBD_CtlContinueSendData
                0x000000000801010a       0x22 build/usbd_ioreq.o
                0x000000000801010a                USBD_CtlContinueSendData
 .text.USBD_CtlPrepareRx
                0x000000000801012c       0x3a build/usbd_ioreq.o
                0x000000000801012c                USBD_CtlPrepareRx
 .text.USBD_CtlContinueRx
                0x0000000008010166       0x22 build/usbd_ioreq.o
                0x0000000008010166                USBD_CtlContinueRx
 .text.USBD_CtlSendStatus
                0x0000000008010188       0x26 build/usbd_ioreq.o
                0x0000000008010188                USBD_CtlSendStatus
 .text.USBD_CtlReceiveStatus
                0x00000000080101ae       0x26 build/usbd_ioreq.o
                0x00000000080101ae                USBD_CtlReceiveStatus
 .text.USBD_CDC_Init
                0x00000000080101d4      0x1f0 build/usbd_cdc.o
 .text.USBD_CDC_DeInit
                0x00000000080103c4      0x104 build/usbd_cdc.o
 .text.USBD_CDC_Setup
                0x00000000080104c8      0x1b8 build/usbd_cdc.o
 .text.USBD_CDC_DataIn
                0x0000000008010680       0xfe build/usbd_cdc.o
 .text.USBD_CDC_DataOut
                0x000000000801077e       0x70 build/usbd_cdc.o
 .text.USBD_CDC_EP0_RxReady
                0x00000000080107ee       0x74 build/usbd_cdc.o
 *fill*         0x0000000008010862        0x2 
 .text.USBD_CDC_GetFSCfgDesc
                0x0000000008010864       0x70 build/usbd_cdc.o
 .text.USBD_CDC_GetHSCfgDesc
                0x00000000080108d4       0x70 build/usbd_cdc.o
 .text.USBD_CDC_GetOtherSpeedCfgDesc
                0x0000000008010944       0x70 build/usbd_cdc.o
 .text.USBD_CDC_GetDeviceQualifierDescriptor
                0x00000000080109b4       0x20 build/usbd_cdc.o
                0x00000000080109b4                USBD_CDC_GetDeviceQualifierDescriptor
 .text.USBD_CDC_RegisterInterface
                0x00000000080109d4       0x34 build/usbd_cdc.o
                0x00000000080109d4                USBD_CDC_RegisterInterface
 .text.USBD_CDC_SetTxBuffer
                0x0000000008010a08       0x44 build/usbd_cdc.o
                0x0000000008010a08                USBD_CDC_SetTxBuffer
 .text.USBD_CDC_SetRxBuffer
                0x0000000008010a4c       0x3a build/usbd_cdc.o
                0x0000000008010a4c                USBD_CDC_SetRxBuffer
 *fill*         0x0000000008010a86        0x2 
 .text.USBD_CDC_ReceivePacket
                0x0000000008010a88       0x6c build/usbd_cdc.o
                0x0000000008010a88                USBD_CDC_ReceivePacket
 .text.Reset_Handler
                0x0000000008010af4       0x50 build/startup_stm32f411xe.o
                0x0000000008010af4                Reset_Handler
 .text.Default_Handler
                0x0000000008010b44        0x2 build/startup_stm32f411xe.o
                0x0000000008010b44                RTC_Alarm_IRQHandler
                0x0000000008010b44                EXTI2_IRQHandler
                0x0000000008010b44                SPI4_IRQHandler
                0x0000000008010b44                TIM1_CC_IRQHandler
                0x0000000008010b44                DMA2_Stream5_IRQHandler
                0x0000000008010b44                DMA1_Stream5_IRQHandler
                0x0000000008010b44                PVD_IRQHandler
                0x0000000008010b44                SDIO_IRQHandler
                0x0000000008010b44                TAMP_STAMP_IRQHandler
                0x0000000008010b44                EXTI3_IRQHandler
                0x0000000008010b44                TIM1_UP_TIM10_IRQHandler
                0x0000000008010b44                I2C3_ER_IRQHandler
                0x0000000008010b44                EXTI0_IRQHandler
                0x0000000008010b44                I2C2_EV_IRQHandler
                0x0000000008010b44                DMA1_Stream2_IRQHandler
                0x0000000008010b44                FPU_IRQHandler
                0x0000000008010b44                SPI1_IRQHandler
                0x0000000008010b44                TIM1_BRK_TIM9_IRQHandler
                0x0000000008010b44                DMA2_Stream3_IRQHandler
                0x0000000008010b44                USART6_IRQHandler
                0x0000000008010b44                DMA2_Stream0_IRQHandler
                0x0000000008010b44                TIM4_IRQHandler
                0x0000000008010b44                I2C1_EV_IRQHandler
                0x0000000008010b44                DMA1_Stream6_IRQHandler
                0x0000000008010b44                DMA1_Stream1_IRQHandler
                0x0000000008010b44                TIM3_IRQHandler
                0x0000000008010b44                RCC_IRQHandler
                0x0000000008010b44                Default_Handler
                0x0000000008010b44                EXTI15_10_IRQHandler
                0x0000000008010b44                ADC_IRQHandler
                0x0000000008010b44                DMA1_Stream7_IRQHandler
                0x0000000008010b44                SPI5_IRQHandler
                0x0000000008010b44                TIM5_IRQHandler
                0x0000000008010b44                I2C3_EV_IRQHandler
                0x0000000008010b44                EXTI9_5_IRQHandler
                0x0000000008010b44                RTC_WKUP_IRQHandler
                0x0000000008010b44                SPI2_IRQHandler
                0x0000000008010b44                DMA1_Stream0_IRQHandler
                0x0000000008010b44                EXTI4_IRQHandler
                0x0000000008010b44                WWDG_IRQHandler
                0x0000000008010b44                TIM2_IRQHandler
                0x0000000008010b44                OTG_FS_WKUP_IRQHandler
                0x0000000008010b44                EXTI1_IRQHandler
                0x0000000008010b44                USART2_IRQHandler
                0x0000000008010b44                I2C2_ER_IRQHandler
                0x0000000008010b44                DMA2_Stream1_IRQHandler
                0x0000000008010b44                FLASH_IRQHandler
                0x0000000008010b44                DMA2_Stream4_IRQHandler
                0x0000000008010b44                SPI3_IRQHandler
                0x0000000008010b44                DMA1_Stream4_IRQHandler
                0x0000000008010b44                I2C1_ER_IRQHandler
                0x0000000008010b44                DMA2_Stream6_IRQHandler
                0x0000000008010b44                DMA1_Stream3_IRQHandler
 *fill*         0x0000000008010b46        0x2 
 .text._strtol_l.constprop.0
                0x0000000008010b48       0xfc /opt/arm-gnu-toolchain-12.2.rel1-x86_64-arm-none-eabi/bin/../lib/gcc/arm-none-eabi/12.2.1/../../../../arm-none-eabi/lib/thumb/v7e-m+fp/hard/libc_nano.a(libc_a-strtol.o)
 .text.strtol   0x0000000008010c44       0x14 /opt/arm-gnu-toolchain-12.2.rel1-x86_64-arm-none-eabi/bin/../lib/gcc/arm-none-eabi/12.2.1/../../../../arm-none-eabi/lib/thumb/v7e-m+fp/hard/libc_nano.a(libc_a-strtol.o)
                0x0000000008010c44                strtol
 .text.__libc_init_array
                0x0000000008010c58       0x48 /opt/arm-gnu-toolchain-12.2.rel1-x86_64-arm-none-eabi/bin/../lib/gcc/arm-none-eabi/12.2.1/../../../../arm-none-eabi/lib/thumb/v7e-m+fp/hard/libc_nano.a(libc_a-init.o)
                0x0000000008010c58                __libc_init_array
 .text.memcpy   0x0000000008010ca0       0x1c /opt/arm-gnu-toolchain-12.2.rel1-x86_64-arm-none-eabi/bin/../lib/gcc/arm-none-eabi/12.2.1/../../../../arm-none-eabi/lib/thumb/v7e-m+fp/hard/libc_nano.a(libc_a-memcpy-stub.o)
                0x0000000008010ca0                memcpy
 .text.strncmp  0x0000000008010cbc       0x24 /opt/arm-gnu-toolchain-12.2.rel1-x86_64-arm-none-eabi/bin/../lib/gcc/arm-none-eabi/12.2.1/../../../../arm-none-eabi/lib/thumb/v7e-m+fp/hard/libc_nano.a(libc_a-strncmp.o)
                0x0000000008010cbc                strncmp
 .text.std      0x0000000008010ce0       0x6c /opt/arm-gnu-toolchain-12.2.rel1-x86_64-arm-none-eabi/bin/../lib/gcc/arm-none-eabi/12.2.1/../../../../arm-none-eabi/lib/thumb/v7e-m+fp/hard/libc_nano.a(libc_a-findfp.o)
 .text.stdio_exit_handler
                0x0000000008010d4c       0x18 /opt/arm-gnu-toolchain-12.2.rel1-x86_64-arm-none-eabi/bin/../lib/gcc/arm-none-eabi/12.2.1/../../../../arm-none-eabi/lib/thumb/v7e-m+fp/hard/libc_nano.a(libc_a-findfp.o)
 .text.cleanup_stdio
                0x0000000008010d64       0x40 /opt/arm-gnu-toolchain-12.2.rel1-x86_64-arm-none-eabi/bin/../lib/gcc/arm-none-eabi/12.2.1/../../../../arm-none-eabi/lib/thumb/v7e-m+fp/hard/libc_nano.a(libc_a-findfp.o)
 .text.global_stdio_init.part.0
                0x0000000008010da4       0x3c /opt/arm-gnu-toolchain-12.2.rel1-x86_64-arm-none-eabi/bin/../lib/gcc/arm-none-eabi/12.2.1/../../../../arm-none-eabi/lib/thumb/v7e-m+fp/hard/libc_nano.a(libc_a-findfp.o)
 .text.__sfp_lock_acquire
                0x0000000008010de0        0xc /opt/arm-gnu-toolchain-12.2.rel1-x86_64-arm-none-eabi/bin/../lib/gcc/arm-none-eabi/12.2.1/../../../../arm-none-eabi/lib/thumb/v7e-m+fp/hard/libc_nano.a(libc_a-findfp.o)
                0x0000000008010de0                __sfp_lock_acquire
 .text.__sfp_lock_release
                0x0000000008010dec        0xc /opt/arm-gnu-toolchain-12.2.rel1-x86_64-arm-none-eabi/bin/../lib/gcc/arm-none-eabi/12.2.1/../../../../arm-none-eabi/lib/thumb/v7e-m+fp/hard/libc_nano.a(libc_a-findfp.o)
                0x0000000008010dec                __sfp_lock_release
 .text.__sinit  0x0000000008010df8       0x30 /opt/arm-gnu-toolchain-12.2.rel1-x86_64-arm-none-eabi/bin/../lib/gcc/arm-none-eabi/12.2.1/../../../../arm-none-eabi/lib/thumb/v7e-m+fp/hard/libc_nano.a(libc_a-findfp.o)
                0x0000000008010df8                __sinit
 .text.__sread  0x0000000008010e28       0x22 /opt/arm-gnu-toolchain-12.2.rel1-x86_64-arm-none-eabi/bin/../lib/gcc/arm-none-eabi/12.2.1/../../../../arm-none-eabi/lib/thumb/v7e-m+fp/hard/libc_nano.a(libc_a-stdio.o)
                0x0000000008010e28                __sread
 .text.__swrite
                0x0000000008010e4a       0x38 /opt/arm-gnu-toolchain-12.2.rel1-x86_64-arm-none-eabi/bin/../lib/gcc/arm-none-eabi/12.2.1/../../../../arm-none-eabi/lib/thumb/v7e-m+fp/hard/libc_nano.a(libc_a-stdio.o)
                0x0000000008010e4a                __swrite
 .text.__sseek  0x0000000008010e82       0x24 /opt/arm-gnu-toolchain-12.2.rel1-x86_64-arm-none-eabi/bin/../lib/gcc/arm-none-eabi/12.2.1/../../../../arm-none-eabi/lib/thumb/v7e-m+fp/hard/libc_nano.a(libc_a-stdio.o)
                0x0000000008010e82                __sseek
 .text.__sclose
                0x0000000008010ea6        0x8 /opt/arm-gnu-toolchain-12.2.rel1-x86_64-arm-none-eabi/bin/../lib/gcc/arm-none-eabi/12.2.1/../../../../arm-none-eabi/lib/thumb/v7e-m+fp/hard/libc_nano.a(libc_a-stdio.o)
                0x0000000008010ea6                __sclose
 .text.atoi     0x0000000008010eae        0x8 /opt/arm-gnu-toolchain-12.2.rel1-x86_64-arm-none-eabi/bin/../lib/gcc/arm-none-eabi/12.2.1/../../../../arm-none-eabi/lib/thumb/v7e-m+fp/hard/libc_nano.a(libc_a-atoi.o)
                0x0000000008010eae                atoi
 *fill*         0x0000000008010eb6        0x2 
 .text.strtok   0x0000000008010eb8       0x68 /opt/arm-gnu-toolchain-12.2.rel1-x86_64-arm-none-eabi/bin/../lib/gcc/arm-none-eabi/12.2.1/../../../../arm-none-eabi/lib/thumb/v7e-m+fp/hard/libc_nano.a(libc_a-strtok.o)
                0x0000000008010eb8                strtok
 .text.__strtok_r
                0x0000000008010f20       0x50 /opt/arm-gnu-toolchain-12.2.rel1-x86_64-arm-none-eabi/bin/../lib/gcc/arm-none-eabi/12.2.1/../../../../arm-none-eabi/lib/thumb/v7e-m+fp/hard/libc_nano.a(libc_a-strtok_r.o)
                0x0000000008010f20                __strtok_r
 .text._write_r
                0x0000000008010f70       0x24 /opt/arm-gnu-toolchain-12.2.rel1-x86_64-arm-none-eabi/bin/../lib/gcc/arm-none-eabi/12.2.1/../../../../arm-none-eabi/lib/thumb/v7e-m+fp/hard/libc_nano.a(libc_a-writer.o)
                0x0000000008010f70                _write_r
 .text.__errno  0x0000000008010f94        0xc /opt/arm-gnu-toolchain-12.2.rel1-x86_64-arm-none-eabi/bin/../lib/gcc/arm-none-eabi/12.2.1/../../../../arm-none-eabi/lib/thumb/v7e-m+fp/hard/libc_nano.a(libc_a-errno.o)
                0x0000000008010f94                __errno
 .text._fwalk_sglue
                0x0000000008010fa0       0x3c /opt/arm-gnu-toolchain-12.2.rel1-x86_64-arm-none-eabi/bin/../lib/gcc/arm-none-eabi/12.2.1/../../../../arm-none-eabi/lib/thumb/v7e-m+fp/hard/libc_nano.a(libc_a-fwalk.o)
                0x0000000008010fa0                _fwalk_sglue
 .text.memset   0x0000000008010fdc       0x10 /opt/arm-gnu-toolchain-12.2.rel1-x86_64-arm-none-eabi/bin/../lib/gcc/arm-none-eabi/12.2.1/../../../../arm-none-eabi/lib/thumb/v7e-m+fp/hard/libc_nano.a(libc_a-memset.o)
                0x0000000008010fdc                memset
 .text.__retarget_lock_init_recursive
                0x0000000008010fec        0x2 /opt/arm-gnu-toolchain-12.2.rel1-x86_64-arm-none-eabi/bin/../lib/gcc/arm-none-eabi/12.2.1/../../../../arm-none-eabi/lib/thumb/v7e-m+fp/hard/libc_nano.a(libc_a-lock.o)
                0x0000000008010fec                __retarget_lock_init_recursive
 .text.__retarget_lock_acquire_recursive
                0x0000000008010fee        0x2 /opt/arm-gnu-toolchain-12.2.rel1-x86_64-arm-none-eabi/bin/../lib/gcc/arm-none-eabi/12.2.1/../../../../arm-none-eabi/lib/thumb/v7e-m+fp/hard/libc_nano.a(libc_a-lock.o)
                0x0000000008010fee                __retarget_lock_acquire_recursive
 .text.__retarget_lock_release_recursive
                0x0000000008010ff0        0x2 /opt/arm-gnu-toolchain-12.2.rel1-x86_64-arm-none-eabi/bin/../lib/gcc/arm-none-eabi/12.2.1/../../../../arm-none-eabi/lib/thumb/v7e-m+fp/hard/libc_nano.a(libc_a-lock.o)
                0x0000000008010ff0                __retarget_lock_release_recursive
 .text._printf_common
                0x0000000008010ff2       0xda /opt/arm-gnu-toolchain-12.2.rel1-x86_64-arm-none-eabi/bin/../lib/gcc/arm-none-eabi/12.2.1/../../../../arm-none-eabi/lib/thumb/v7e-m+fp/hard/libc_nano.a(libc_a-nano-vfprintf_i.o)
                0x0000000008010ff2                _printf_common
 .text._printf_i
                0x00000000080110cc      0x258 /opt/arm-gnu-toolchain-12.2.rel1-x86_64-arm-none-eabi/bin/../lib/gcc/arm-none-eabi/12.2.1/../../../../arm-none-eabi/lib/thumb/v7e-m+fp/hard/libc_nano.a(libc_a-nano-vfprintf_i.o)
                0x00000000080110cc                _printf_i
 .text._close_r
                0x0000000008011324       0x20 /opt/arm-gnu-toolchain-12.2.rel1-x86_64-arm-none-eabi/bin/../lib/gcc/arm-none-eabi/12.2.1/../../../../arm-none-eabi/lib/thumb/v7e-m+fp/hard/libc_nano.a(libc_a-closer.o)
                0x0000000008011324                _close_r
 .text.__sflush_r
                0x0000000008011344      0x108 /opt/arm-gnu-toolchain-12.2.rel1-x86_64-arm-none-eabi/bin/../lib/gcc/arm-none-eabi/12.2.1/../../../../arm-none-eabi/lib/thumb/v7e-m+fp/hard/libc_nano.a(libc_a-fflush.o)
                0x0000000008011344                __sflush_r
 .text._fflush_r
                0x000000000801144c       0x50 /opt/arm-gnu-toolchain-12.2.rel1-x86_64-arm-none-eabi/bin/../lib/gcc/arm-none-eabi/12.2.1/../../../../arm-none-eabi/lib/thumb/v7e-m+fp/hard/libc_nano.a(libc_a-fflush.o)
                0x000000000801144c                _fflush_r
 .text.malloc   0x000000000801149c       0x10 /opt/arm-gnu-toolchain-12.2.rel1-x86_64-arm-none-eabi/bin/../lib/gcc/arm-none-eabi/12.2.1/../../../../arm-none-eabi/lib/thumb/v7e-m+fp/hard/libc_nano.a(libc_a-malloc.o)
                0x000000000801149c                malloc
 .text.sbrk_aligned
                0x00000000080114ac       0x44 /opt/arm-gnu-toolchain-12.2.rel1-x86_64-arm-none-eabi/bin/../lib/gcc/arm-none-eabi/12.2.1/../../../../arm-none-eabi/lib/thumb/v7e-m+fp/hard/libc_nano.a(libc_a-mallocr.o)
 .text._malloc_r
                0x00000000080114f0       0xf0 /opt/arm-gnu-toolchain-12.2.rel1-x86_64-arm-none-eabi/bin/../lib/gcc/arm-none-eabi/12.2.1/../../../../arm-none-eabi/lib/thumb/v7e-m+fp/hard/libc_nano.a(libc_a-mallocr.o)
                0x00000000080114f0                _malloc_r
 .text.__assert_func
                0x00000000080115e0       0x3c /opt/arm-gnu-toolchain-12.2.rel1-x86_64-arm-none-eabi/bin/../lib/gcc/arm-none-eabi/12.2.1/../../../../arm-none-eabi/lib/thumb/v7e-m+fp/hard/libc_nano.a(libc_a-assert.o)
                0x00000000080115e0                __assert_func
 .text._lseek_r
                0x000000000801161c       0x24 /opt/arm-gnu-toolchain-12.2.rel1-x86_64-arm-none-eabi/bin/../lib/gcc/arm-none-eabi/12.2.1/../../../../arm-none-eabi/lib/thumb/v7e-m+fp/hard/libc_nano.a(libc_a-lseekr.o)
                0x000000000801161c                _lseek_r
 .text._read_r  0x0000000008011640       0x24 /opt/arm-gnu-toolchain-12.2.rel1-x86_64-arm-none-eabi/bin/../lib/gcc/arm-none-eabi/12.2.1/../../../../arm-none-eabi/lib/thumb/v7e-m+fp/hard/libc_nano.a(libc_a-readr.o)
                0x0000000008011640                _read_r
 .text.fprintf  0x0000000008011664       0x24 /opt/arm-gnu-toolchain-12.2.rel1-x86_64-arm-none-eabi/bin/../lib/gcc/arm-none-eabi/12.2.1/../../../../arm-none-eabi/lib/thumb/v7e-m+fp/hard/libc_nano.a(libc_a-fprintf.o)
                0x0000000008011664                fprintf
                0x0000000008011664                fiprintf
 .text.__malloc_lock
                0x0000000008011688        0xc /opt/arm-gnu-toolchain-12.2.rel1-x86_64-arm-none-eabi/bin/../lib/gcc/arm-none-eabi/12.2.1/../../../../arm-none-eabi/lib/thumb/v7e-m+fp/hard/libc_nano.a(libc_a-mlock.o)
                0x0000000008011688                __malloc_lock
 .text.__malloc_unlock
                0x0000000008011694        0xc /opt/arm-gnu-toolchain-12.2.rel1-x86_64-arm-none-eabi/bin/../lib/gcc/arm-none-eabi/12.2.1/../../../../arm-none-eabi/lib/thumb/v7e-m+fp/hard/libc_nano.a(libc_a-mlock.o)
                0x0000000008011694                __malloc_unlock
 .text._sbrk_r  0x00000000080116a0       0x20 /opt/arm-gnu-toolchain-12.2.rel1-x86_64-arm-none-eabi/bin/../lib/gcc/arm-none-eabi/12.2.1/../../../../arm-none-eabi/lib/thumb/v7e-m+fp/hard/libc_nano.a(libc_a-sbrkr.o)
                0x00000000080116a0                _sbrk_r
 .text._free_r  0x00000000080116c0       0x94 /opt/arm-gnu-toolchain-12.2.rel1-x86_64-arm-none-eabi/bin/../lib/gcc/arm-none-eabi/12.2.1/../../../../arm-none-eabi/lib/thumb/v7e-m+fp/hard/libc_nano.a(libc_a-freer.o)
                0x00000000080116c0                _free_r
 .text.__sfputc_r
                0x0000000008011754       0x2e /opt/arm-gnu-toolchain-12.2.rel1-x86_64-arm-none-eabi/bin/../lib/gcc/arm-none-eabi/12.2.1/../../../../arm-none-eabi/lib/thumb/v7e-m+fp/hard/libc_nano.a(libc_a-nano-vfprintf.o)
 .text.__sfputs_r
                0x0000000008011782       0x24 /opt/arm-gnu-toolchain-12.2.rel1-x86_64-arm-none-eabi/bin/../lib/gcc/arm-none-eabi/12.2.1/../../../../arm-none-eabi/lib/thumb/v7e-m+fp/hard/libc_nano.a(libc_a-nano-vfprintf.o)
                0x0000000008011782                __sfputs_r
 *fill*         0x00000000080117a6        0x2 
 .text._vfprintf_r
                0x00000000080117a8      0x230 /opt/arm-gnu-toolchain-12.2.rel1-x86_64-arm-none-eabi/bin/../lib/gcc/arm-none-eabi/12.2.1/../../../../arm-none-eabi/lib/thumb/v7e-m+fp/hard/libc_nano.a(libc_a-nano-vfprintf.o)
                0x00000000080117a8                _vfiprintf_r
                0x00000000080117a8                _vfprintf_r
 .text.__swbuf_r
                0x00000000080119d8       0x7c /opt/arm-gnu-toolchain-12.2.rel1-x86_64-arm-none-eabi/bin/../lib/gcc/arm-none-eabi/12.2.1/../../../../arm-none-eabi/lib/thumb/v7e-m+fp/hard/libc_nano.a(libc_a-wbuf.o)
                0x00000000080119d8                __swbuf_r
 .text.__swsetup_r
                0x0000000008011a54       0xac /opt/arm-gnu-toolchain-12.2.rel1-x86_64-arm-none-eabi/bin/../lib/gcc/arm-none-eabi/12.2.1/../../../../arm-none-eabi/lib/thumb/v7e-m+fp/hard/libc_nano.a(libc_a-wsetup.o)
                0x0000000008011a54                __swsetup_r
 .text.abort    0x0000000008011b00        0xe /opt/arm-gnu-toolchain-12.2.rel1-x86_64-arm-none-eabi/bin/../lib/gcc/arm-none-eabi/12.2.1/../../../../arm-none-eabi/lib/thumb/v7e-m+fp/hard/libc_nano.a(libc_a-abort.o)
                0x0000000008011b00                abort
 .text.__swhatbuf_r
                0x0000000008011b0e       0x4c /opt/arm-gnu-toolchain-12.2.rel1-x86_64-arm-none-eabi/bin/../lib/gcc/arm-none-eabi/12.2.1/../../../../arm-none-eabi/lib/thumb/v7e-m+fp/hard/libc_nano.a(libc_a-makebuf.o)
                0x0000000008011b0e                __swhatbuf_r
 .text.__smakebuf_r
                0x0000000008011b5a       0x78 /opt/arm-gnu-toolchain-12.2.rel1-x86_64-arm-none-eabi/bin/../lib/gcc/arm-none-eabi/12.2.1/../../../../arm-none-eabi/lib/thumb/v7e-m+fp/hard/libc_nano.a(libc_a-makebuf.o)
                0x0000000008011b5a                __smakebuf_r
 .text._raise_r
                0x0000000008011bd2       0x50 /opt/arm-gnu-toolchain-12.2.rel1-x86_64-arm-none-eabi/bin/../lib/gcc/arm-none-eabi/12.2.1/../../../../arm-none-eabi/lib/thumb/v7e-m+fp/hard/libc_nano.a(libc_a-signal.o)
                0x0000000008011bd2                _raise_r
 *fill*         0x0000000008011c22        0x2 
 .text.raise    0x0000000008011c24       0x10 /opt/arm-gnu-toolchain-12.2.rel1-x86_64-arm-none-eabi/bin/../lib/gcc/arm-none-eabi/12.2.1/../../../../arm-none-eabi/lib/thumb/v7e-m+fp/hard/libc_nano.a(libc_a-signal.o)
                0x0000000008011c24                raise
 .text._fstat_r
                0x0000000008011c34       0x24 /opt/arm-gnu-toolchain-12.2.rel1-x86_64-arm-none-eabi/bin/../lib/gcc/arm-none-eabi/12.2.1/../../../../arm-none-eabi/lib/thumb/v7e-m+fp/hard/libc_nano.a(libc_a-fstatr.o)
                0x0000000008011c34                _fstat_r
 .text._isatty_r
                0x0000000008011c58       0x20 /opt/arm-gnu-toolchain-12.2.rel1-x86_64-arm-none-eabi/bin/../lib/gcc/arm-none-eabi/12.2.1/../../../../arm-none-eabi/lib/thumb/v7e-m+fp/hard/libc_nano.a(libc_a-isattyr.o)
                0x0000000008011c58                _isatty_r
 .text._kill_r  0x0000000008011c78       0x24 /opt/arm-gnu-toolchain-12.2.rel1-x86_64-arm-none-eabi/bin/../lib/gcc/arm-none-eabi/12.2.1/../../../../arm-none-eabi/lib/thumb/v7e-m+fp/hard/libc_nano.a(libc_a-signalr.o)
                0x0000000008011c78                _kill_r
 .text._getpid_r
                0x0000000008011c9c        0x4 /opt/arm-gnu-toolchain-12.2.rel1-x86_64-arm-none-eabi/bin/../lib/gcc/arm-none-eabi/12.2.1/../../../../arm-none-eabi/lib/thumb/v7e-m+fp/hard/libc_nano.a(libc_a-signalr.o)
                0x0000000008011c9c                _getpid_r
 .text._close   0x0000000008011ca0       0x10 /opt/arm-gnu-toolchain-12.2.rel1-x86_64-arm-none-eabi/bin/../lib/gcc/arm-none-eabi/12.2.1/../../../../arm-none-eabi/lib/thumb/v7e-m+fp/hard/libnosys.a(close.o)
                0x0000000008011ca0                _close
 .text._fstat   0x0000000008011cb0       0x10 /opt/arm-gnu-toolchain-12.2.rel1-x86_64-arm-none-eabi/bin/../lib/gcc/arm-none-eabi/12.2.1/../../../../arm-none-eabi/lib/thumb/v7e-m+fp/hard/libnosys.a(fstat.o)
                0x0000000008011cb0                _fstat
 .text._getpid  0x0000000008011cc0       0x10 /opt/arm-gnu-toolchain-12.2.rel1-x86_64-arm-none-eabi/bin/../lib/gcc/arm-none-eabi/12.2.1/../../../../arm-none-eabi/lib/thumb/v7e-m+fp/hard/libnosys.a(getpid.o)
                0x0000000008011cc0                _getpid
 .text._isatty  0x0000000008011cd0       0x10 /opt/arm-gnu-toolchain-12.2.rel1-x86_64-arm-none-eabi/bin/../lib/gcc/arm-none-eabi/12.2.1/../../../../arm-none-eabi/lib/thumb/v7e-m+fp/hard/libnosys.a(isatty.o)
                0x0000000008011cd0                _isatty
 .text._kill    0x0000000008011ce0       0x10 /opt/arm-gnu-toolchain-12.2.rel1-x86_64-arm-none-eabi/bin/../lib/gcc/arm-none-eabi/12.2.1/../../../../arm-none-eabi/lib/thumb/v7e-m+fp/hard/libnosys.a(kill.o)
                0x0000000008011ce0                _kill
 .text._lseek   0x0000000008011cf0       0x10 /opt/arm-gnu-toolchain-12.2.rel1-x86_64-arm-none-eabi/bin/../lib/gcc/arm-none-eabi/12.2.1/../../../../arm-none-eabi/lib/thumb/v7e-m+fp/hard/libnosys.a(lseek.o)
                0x0000000008011cf0                _lseek
 .text._read    0x0000000008011d00       0x10 /opt/arm-gnu-toolchain-12.2.rel1-x86_64-arm-none-eabi/bin/../lib/gcc/arm-none-eabi/12.2.1/../../../../arm-none-eabi/lib/thumb/v7e-m+fp/hard/libnosys.a(read.o)
                0x0000000008011d00                _read
 .text._sbrk    0x0000000008011d10       0x1c /opt/arm-gnu-toolchain-12.2.rel1-x86_64-arm-none-eabi/bin/../lib/gcc/arm-none-eabi/12.2.1/../../../../arm-none-eabi/lib/thumb/v7e-m+fp/hard/libnosys.a(sbrk.o)
                0x0000000008011d10                _sbrk
 .text._write   0x0000000008011d2c       0x10 /opt/arm-gnu-toolchain-12.2.rel1-x86_64-arm-none-eabi/bin/../lib/gcc/arm-none-eabi/12.2.1/../../../../arm-none-eabi/lib/thumb/v7e-m+fp/hard/libnosys.a(write.o)
                0x0000000008011d2c                _write
 .text._exit    0x0000000008011d3c        0x4 /opt/arm-gnu-toolchain-12.2.rel1-x86_64-arm-none-eabi/bin/../lib/gcc/arm-none-eabi/12.2.1/../../../../arm-none-eabi/lib/thumb/v7e-m+fp/hard/libnosys.a(_exit.o)
                0x0000000008011d3c                _exit
 .text.__udivmoddi4
                0x0000000008011d40      0x2bc /opt/arm-gnu-toolchain-12.2.rel1-x86_64-arm-none-eabi/bin/../lib/gcc/arm-none-eabi/12.2.1/thumb/v7e-m+fp/hard/libgcc.a(_udivmoddi4.o)
                0x0000000008011d40                __udivmoddi4
 *(.glue_7)
 .glue_7        0x0000000008011ffc        0x0 linker stubs
 *(.glue_7t)
 .glue_7t       0x0000000008011ffc        0x0 linker stubs
 *(.eh_frame)
 .eh_frame      0x0000000008011ffc        0x0 /opt/arm-gnu-toolchain-12.2.rel1-x86_64-arm-none-eabi/bin/../lib/gcc/arm-none-eabi/12.2.1/thumb/v7e-m+fp/hard/crtbegin.o
 *(.init)
 .init          0x0000000008011ffc        0x4 /opt/arm-gnu-toolchain-12.2.rel1-x86_64-arm-none-eabi/bin/../lib/gcc/arm-none-eabi/12.2.1/thumb/v7e-m+fp/hard/crti.o
                0x0000000008011ffc                _init
 .init          0x0000000008012000        0x8 /opt/arm-gnu-toolchain-12.2.rel1-x86_64-arm-none-eabi/bin/../lib/gcc/arm-none-eabi/12.2.1/thumb/v7e-m+fp/hard/crtn.o
 *(.fini)